[0/2] Re-checking globbed directories...
[1/209] Building CXX object CMakeFiles/raylib-cpp-cmake-template.dir/src/core/misc_functions.cpp.o
FAILED: [code=1] CMakeFiles/raylib-cpp-cmake-template.dir/src/core/misc_functions.cpp.o 
/opt/homebrew/Cellar/cmake/4.0.1/bin/cmake -E env CCACHE_DIR=/Users/joshuashin/Projects/TheGameJamTemplate/TheGameJamTemplate/.ccache CCACHE_TEMPDIR=/Users/joshuashin/Projects/TheGameJamTemplate/TheGameJamTemplate/.ccache/tmp CCACHE_CONFIGPATH=/Users/joshuashin/Projects/TheGameJamTemplate/TheGameJamTemplate/.ccache/ccache.conf /opt/homebrew/bin/ccache /usr/bin/clang++ -DASSETS_PATH=\"/Users/joshuashin/Projects/TheGameJamTemplate/TheGameJamTemplate/assets/\" -DCMAKE_BUILD_TYPE=Debug -DCRASH_REPORT_BUILD_ID=\"\" -DFMT_HEADER_ONLY=1 -DGRAPHICS_API_OPENGL_33 -DIMGUI_DEFINE_MATH_OPERATORS -DLUA_VERSION=\"5.4.4\" -DPLATFORM_DESKTOP -DSKIP_ASSET_SCAN_DEFAULT=0 -DSKIP_UUID_DUMP_DEFAULT=0 -DSOL_STD_OPTIONAL -DSPDLOG_COMPILED_LIB -DSPDLOG_FMT_EXTERNAL -DTRACY_ENABLED=0 -I/Users/joshuashin/Projects/TheGameJamTemplate/TheGameJamTemplate/include -I/Users/joshuashin/Projects/TheGameJamTemplate/TheGameJamTemplate/src/main.cpp -I/Users/joshuashin/Projects/TheGameJamTemplate/TheGameJamTemplate/src/core/engine_context.cpp -I/Users/joshuashin/Projects/TheGameJamTemplate/TheGameJamTemplate/src/core/game.cpp -I/Users/joshuashin/Projects/TheGameJamTemplate/TheGameJamTemplate/src/core/globals.cpp -I/Users/joshuashin/Projects/TheGameJamTemplate/TheGameJamTemplate/src/core/graphics.cpp -I/Users/joshuashin/Projects/TheGameJamTemplate/TheGameJamTemplate/src/core/gui.cpp -I/Users/joshuashin/Projects/TheGameJamTemplate/TheGameJamTemplate/src/core/init.cpp -I/Users/joshuashin/Projects/TheGameJamTemplate/TheGameJamTemplate/src/core/misc_functions.cpp -I/Users/joshuashin/Projects/TheGameJamTemplate/TheGameJamTemplate/src/core/ui_definitions.cpp -I/Users/joshuashin/Projects/TheGameJamTemplate/TheGameJamTemplate/src/systems/ai/ai_system.cpp -I/Users/joshuashin/Projects/TheGameJamTemplate/TheGameJamTemplate/src/systems/anim_system.cpp -I/Users/joshuashin/Projects/TheGameJamTemplate/TheGameJamTemplate/src/systems/chipmunk_objectivec/ChipmunkAutogeometry.cpp -I/Users/joshuashin/Projects/TheGameJamTemplate/TheGameJamTemplate/src/systems/chipmunk_objectivec/ChipmunkBody.cpp -I/Users/joshuashin/Projects/TheGameJamTemplate/TheGameJamTemplate/src/systems/chipmunk_objectivec/ChipmunkShape.cpp -I/Users/joshuashin/Projects/TheGameJamTemplate/TheGameJamTemplate/src/systems/chipmunk_objectivec/ChipmunkSpace.cpp -I/Users/joshuashin/Projects/TheGameJamTemplate/TheGameJamTemplate/src/systems/collision/broad_phase.cpp -I/Users/joshuashin/Projects/TheGameJamTemplate/TheGameJamTemplate/src/systems/composable_mechanics/effects.cpp -I/Users/joshuashin/Projects/TheGameJamTemplate/TheGameJamTemplate/src/systems/composable_mechanics/example_usage.cpp -I/Users/joshuashin/Projects/TheGameJamTemplate/TheGameJamTemplate/src/systems/composable_mechanics/loader_lua.cpp -I/Users/joshuashin/Projects/TheGameJamTemplate/TheGameJamTemplate/src/systems/composable_mechanics/pipelines.cpp -I/Users/joshuashin/Projects/TheGameJamTemplate/TheGameJamTemplate/src/systems/entity_gamestate_management/entity_gamestate_management.cpp -I/Users/joshuashin/Projects/TheGameJamTemplate/TheGameJamTemplate/src/systems/event/event_system.cpp -I/Users/joshuashin/Projects/TheGameJamTemplate/TheGameJamTemplate/src/systems/factory/factory.cpp -I/Users/joshuashin/Projects/TheGameJamTemplate/TheGameJamTemplate/src/systems/fade/fade_system.cpp -I/Users/joshuashin/Projects/TheGameJamTemplate/TheGameJamTemplate/src/systems/gif/gifLoadingAndPlayingSystem.cpp -I/Users/joshuashin/Projects/TheGameJamTemplate/TheGameJamTemplate/src/systems/gui_indicator/guiIndicatorSystem.cpp -I/Users/joshuashin/Projects/TheGameJamTemplate/TheGameJamTemplate/src/systems/input/controller_nav.cpp -I/Users/joshuashin/Projects/TheGameJamTemplate/TheGameJamTemplate/src/systems/input/input_function_data.cpp -I/Users/joshuashin/Projects/TheGameJamTemplate/TheGameJamTemplate/src/systems/input/input_functions.cpp -I/Users/joshuashin/Projects/TheGameJamTemplate/TheGameJamTemplate/src/systems/layer/layer.cpp -I/Users/joshuashin/Projects/TheGameJamTemplate/TheGameJamTemplate/src/systems/layer/layer_command_buffer.cpp -I/Users/joshuashin/Projects/TheGameJamTemplate/TheGameJamTemplate/src/systems/layer/layer_optimized.cpp -I/Users/joshuashin/Projects/TheGameJamTemplate/TheGameJamTemplate/src/systems/layer/layer_order_system.cpp -I/Users/joshuashin/Projects/TheGameJamTemplate/TheGameJamTemplate/src/systems/ldtk_loader/ldtk_combined.cpp -I/Users/joshuashin/Projects/TheGameJamTemplate/TheGameJamTemplate/src/systems/ldtk_rule_import/ldtk_test.cpp -I/Users/joshuashin/Projects/TheGameJamTemplate/TheGameJamTemplate/src/systems/line_of_sight/line_of_sight.cpp -I/Users/joshuashin/Projects/TheGameJamTemplate/TheGameJamTemplate/src/systems/line_of_sight/variables.cpp -I/Users/joshuashin/Projects/TheGameJamTemplate/TheGameJamTemplate/src/systems/localization/localization.cpp -I/Users/joshuashin/Projects/TheGameJamTemplate/TheGameJamTemplate/src/systems/main_loop_enhancement/main_loop.cpp -I/Users/joshuashin/Projects/TheGameJamTemplate/TheGameJamTemplate/src/systems/physics/crane_system.cpp -I/Users/joshuashin/Projects/TheGameJamTemplate/TheGameJamTemplate/src/systems/physics/physics_components.cpp -I/Users/joshuashin/Projects/TheGameJamTemplate/TheGameJamTemplate/src/systems/physics/physics_world.cpp -I/Users/joshuashin/Projects/TheGameJamTemplate/TheGameJamTemplate/src/systems/physics/steering.cpp -I/Users/joshuashin/Projects/TheGameJamTemplate/TheGameJamTemplate/src/systems/physics/transform_physics_hook.cpp -I/Users/joshuashin/Projects/TheGameJamTemplate/TheGameJamTemplate/src/systems/scripting/lua_hot_reload.cpp -I/Users/joshuashin/Projects/TheGameJamTemplate/TheGameJamTemplate/src/systems/scripting/registry_bond.cpp -I/Users/joshuashin/Projects/TheGameJamTemplate/TheGameJamTemplate/src/systems/scripting/scripting_functions.cpp -I/Users/joshuashin/Projects/TheGameJamTemplate/TheGameJamTemplate/src/systems/scripting/scripting_system.cpp -I/Users/joshuashin/Projects/TheGameJamTemplate/TheGameJamTemplate/src/systems/shaders/shader_draw_commands.cpp -I/Users/joshuashin/Projects/TheGameJamTemplate/TheGameJamTemplate/src/systems/shaders/shader_system.cpp -I/Users/joshuashin/Projects/TheGameJamTemplate/TheGameJamTemplate/src/systems/sound/sound_system.cpp -I/Users/joshuashin/Projects/TheGameJamTemplate/TheGameJamTemplate/src/systems/spring/spring.cpp -I/Users/joshuashin/Projects/TheGameJamTemplate/TheGameJamTemplate/src/systems/spring/spring_pool.cpp -I/Users/joshuashin/Projects/TheGameJamTemplate/TheGameJamTemplate/src/systems/systems.cpp -I/Users/joshuashin/Projects/TheGameJamTemplate/TheGameJamTemplate/src/systems/text/textVer2.cpp -I/Users/joshuashin/Projects/TheGameJamTemplate/TheGameJamTemplate/src/systems/text/text_effects.cpp -I/Users/joshuashin/Projects/TheGameJamTemplate/TheGameJamTemplate/src/systems/timer/timer.cpp -I/Users/joshuashin/Projects/TheGameJamTemplate/TheGameJamTemplate/src/systems/transform/transform.cpp -I/Users/joshuashin/Projects/TheGameJamTemplate/TheGameJamTemplate/src/systems/transform/transform_functions.cpp -I/Users/joshuashin/Projects/TheGameJamTemplate/TheGameJamTemplate/src/systems/tutorial/tutorial_system_v2.cpp -I/Users/joshuashin/Projects/TheGameJamTemplate/TheGameJamTemplate/src/systems/ui/box.cpp -I/Users/joshuashin/Projects/TheGameJamTemplate/TheGameJamTemplate/src/systems/ui/common_definitions.cpp -I/Users/joshuashin/Projects/TheGameJamTemplate/TheGameJamTemplate/src/systems/ui/element.cpp -I/Users/joshuashin/Projects/TheGameJamTemplate/TheGameJamTemplate/src/systems/ui/ui.cpp -I/Users/joshuashin/Projects/TheGameJamTemplate/TheGameJamTemplate/src/systems/ui/ui_data.cpp -I/Users/joshuashin/Projects/TheGameJamTemplate/TheGameJamTemplate/src/systems/ui/util.cpp -I/Users/joshuashin/Projects/TheGameJamTemplate/TheGameJamTemplate/src/systems/uuid/uuid.cpp -I/Users/joshuashin/Projects/TheGameJamTemplate/TheGameJamTemplate/src/third_party/imgui_console/csys_console_sink.cpp -I/Users/joshuashin/Projects/TheGameJamTemplate/TheGameJamTemplate/src/third_party/imgui_console/imgui_console.cpp -I/Users/joshuashin/Projects/TheGameJamTemplate/TheGameJamTemplate/src/third_party/ldtk_loader/src/DataTypes.cpp -I/Users/joshuashin/Projects/TheGameJamTemplate/TheGameJamTemplate/src/third_party/ldtk_loader/src/Entity.cpp -I/Users/joshuashin/Projects/TheGameJamTemplate/TheGameJamTemplate/src/third_party/ldtk_loader/src/EntityDef.cpp -I/Users/joshuashin/Projects/TheGameJamTemplate/TheGameJamTemplate/src/third_party/ldtk_loader/src/Enum.cpp -I/Users/joshuashin/Projects/TheGameJamTemplate/TheGameJamTemplate/src/third_party/ldtk_loader/src/FieldsContainer.cpp -I/Users/joshuashin/Projects/TheGameJamTemplate/TheGameJamTemplate/src/third_party/ldtk_loader/src/Layer.cpp -I/Users/joshuashin/Projects/TheGameJamTemplate/TheGameJamTemplate/src/third_party/ldtk_loader/src/LayerDef.cpp -I/Users/joshuashin/Projects/TheGameJamTemplate/TheGameJamTemplate/src/third_party/ldtk_loader/src/Level.cpp -I/Users/joshuashin/Projects/TheGameJamTemplate/TheGameJamTemplate/src/third_party/ldtk_loader/src/Project.cpp -I/Users/joshuashin/Projects/TheGameJamTemplate/TheGameJamTemplate/src/third_party/ldtk_loader/src/TagsContainer.cpp -I/Users/joshuashin/Projects/TheGameJamTemplate/TheGameJamTemplate/src/third_party/ldtk_loader/src/Tile.cpp -I/Users/joshuashin/Projects/TheGameJamTemplate/TheGameJamTemplate/src/third_party/ldtk_loader/src/Tileset.cpp -I/Users/joshuashin/Projects/TheGameJamTemplate/TheGameJamTemplate/src/third_party/ldtk_loader/src/Utils.cpp -I/Users/joshuashin/Projects/TheGameJamTemplate/TheGameJamTemplate/src/third_party/ldtk_loader/src/World.cpp -I/Users/joshuashin/Projects/TheGameJamTemplate/TheGameJamTemplate/src/third_party/ldtkimport/include/ldtkimport/LdtkDefFile.cpp -I/Users/joshuashin/Projects/TheGameJamTemplate/TheGameJamTemplate/src/third_party/ldtkimport/include/ldtkimport/Rule.cpp -I/Users/joshuashin/Projects/TheGameJamTemplate/TheGameJamTemplate/src/third_party/ldtkimport/include/ldtkimport/yyjson.cpp -I/Users/joshuashin/Projects/TheGameJamTemplate/TheGameJamTemplate/src/third_party/navmesh/source/cone_of_vision.cpp -I/Users/joshuashin/Projects/TheGameJamTemplate/TheGameJamTemplate/src/third_party/navmesh/source/path_finder.cpp -I/Users/joshuashin/Projects/TheGameJamTemplate/TheGameJamTemplate/src/third_party/navmesh/source/point.cpp -I/Users/joshuashin/Projects/TheGameJamTemplate/TheGameJamTemplate/src/third_party/navmesh/source/polygon.cpp -I/Users/joshuashin/Projects/TheGameJamTemplate/TheGameJamTemplate/src/third_party/navmesh/source/segment.cpp -I/Users/joshuashin/Projects/TheGameJamTemplate/TheGameJamTemplate/src/third_party/rlImGui/imgui.cpp -I/Users/joshuashin/Projects/TheGameJamTemplate/TheGameJamTemplate/src/third_party/rlImGui/imgui_demo.cpp -I/Users/joshuashin/Projects/TheGameJamTemplate/TheGameJamTemplate/src/third_party/rlImGui/imgui_draw.cpp -I/Users/joshuashin/Projects/TheGameJamTemplate/TheGameJamTemplate/src/third_party/rlImGui/imgui_tables.cpp -I/Users/joshuashin/Projects/TheGameJamTemplate/TheGameJamTemplate/src/third_party/rlImGui/imgui_widgets.cpp -I/Users/joshuashin/Projects/TheGameJamTemplate/TheGameJamTemplate/src/third_party/rlImGui/rlImGui.cpp -I/Users/joshuashin/Projects/TheGameJamTemplate/TheGameJamTemplate/src/third_party/spine_impl/spine/Animation.cpp -I/Users/joshuashin/Projects/TheGameJamTemplate/TheGameJamTemplate/src/third_party/spine_impl/spine/AnimationState.cpp -I/Users/joshuashin/Projects/TheGameJamTemplate/TheGameJamTemplate/src/third_party/spine_impl/spine/AnimationStateData.cpp -I/Users/joshuashin/Projects/TheGameJamTemplate/TheGameJamTemplate/src/third_party/spine_impl/spine/Atlas.cpp -I/Users/joshuashin/Projects/TheGameJamTemplate/TheGameJamTemplate/src/third_party/spine_impl/spine/AtlasAttachmentLoader.cpp -I/Users/joshuashin/Projects/TheGameJamTemplate/TheGameJamTemplate/src/third_party/spine_impl/spine/Attachment.cpp -I/Users/joshuashin/Projects/TheGameJamTemplate/TheGameJamTemplate/src/third_party/spine_impl/spine/AttachmentLoader.cpp -I/Users/joshuashin/Projects/TheGameJamTemplate/TheGameJamTemplate/src/third_party/spine_impl/spine/AttachmentTimeline.cpp -I/Users/joshuashin/Projects/TheGameJamTemplate/TheGameJamTemplate/src/third_party/spine_impl/spine/Bone.cpp -I/Users/joshuashin/Projects/TheGameJamTemplate/TheGameJamTemplate/src/third_party/spine_impl/spine/BoneData.cpp -I/Users/joshuashin/Projects/TheGameJamTemplate/TheGameJamTemplate/src/third_party/spine_impl/spine/BoundingBoxAttachment.cpp -I/Users/joshuashin/Projects/TheGameJamTemplate/TheGameJamTemplate/src/third_party/spine_impl/spine/ClippingAttachment.cpp -I/Users/joshuashin/Projects/TheGameJamTemplate/TheGameJamTemplate/src/third_party/spine_impl/spine/ColorTimeline.cpp -I/Users/joshuashin/Projects/TheGameJamTemplate/TheGameJamTemplate/src/third_party/spine_impl/spine/ConstraintData.cpp -I/Users/joshuashin/Projects/TheGameJamTemplate/TheGameJamTemplate/src/third_party/spine_impl/spine/CurveTimeline.cpp -I/Users/joshuashin/Projects/TheGameJamTemplate/TheGameJamTemplate/src/third_party/spine_impl/spine/DeformTimeline.cpp -I/Users/joshuashin/Projects/TheGameJamTemplate/TheGameJamTemplate/src/third_party/spine_impl/spine/DrawOrderTimeline.cpp -I/Users/joshuashin/Projects/TheGameJamTemplate/TheGameJamTemplate/src/third_party/spine_impl/spine/Event.cpp -I/Users/joshuashin/Projects/TheGameJamTemplate/TheGameJamTemplate/src/third_party/spine_impl/spine/EventData.cpp -I/Users/joshuashin/Projects/TheGameJamTemplate/TheGameJamTemplate/src/third_party/spine_impl/spine/EventTimeline.cpp -I/Users/joshuashin/Projects/TheGameJamTemplate/TheGameJamTemplate/src/third_party/spine_impl/spine/Extension.cpp -I/Users/joshuashin/Projects/TheGameJamTemplate/TheGameJamTemplate/src/third_party/spine_impl/spine/IkConstraint.cpp -I/Users/joshuashin/Projects/TheGameJamTemplate/TheGameJamTemplate/src/third_party/spine_impl/spine/IkConstraintData.cpp -I/Users/joshuashin/Projects/TheGameJamTemplate/TheGameJamTemplate/src/third_party/spine_impl/spine/IkConstraintTimeline.cpp -I/Users/joshuashin/Projects/TheGameJamTemplate/TheGameJamTemplate/src/third_party/spine_impl/spine/InheritTimeline.cpp -I/Users/joshuashin/Projects/TheGameJamTemplate/TheGameJamTemplate/src/third_party/spine_impl/spine/Json.cpp -I/Users/joshuashin/Projects/TheGameJamTemplate/TheGameJamTemplate/src/third_party/spine_impl/spine/LinkedMesh.cpp -I/Users/joshuashin/Projects/TheGameJamTemplate/TheGameJamTemplate/src/third_party/spine_impl/spine/Log.cpp -I/Users/joshuashin/Projects/TheGameJamTemplate/TheGameJamTemplate/src/third_party/spine_impl/spine/MathUtil.cpp -I/Users/joshuashin/Projects/TheGameJamTemplate/TheGameJamTemplate/src/third_party/spine_impl/spine/MeshAttachment.cpp -I/Users/joshuashin/Projects/TheGameJamTemplate/TheGameJamTemplate/src/third_party/spine_impl/spine/PathAttachment.cpp -I/Users/joshuashin/Projects/TheGameJamTemplate/TheGameJamTemplate/src/third_party/spine_impl/spine/PathConstraint.cpp -I/Users/joshuashin/Projects/TheGameJamTemplate/TheGameJamTemplate/src/third_party/spine_impl/spine/PathConstraintData.cpp -I/Users/joshuashin/Projects/TheGameJamTemplate/TheGameJamTemplate/src/third_party/spine_impl/spine/PathConstraintMixTimeline.cpp -I/Users/joshuashin/Projects/TheGameJamTemplate/TheGameJamTemplate/src/third_party/spine_impl/spine/PathConstraintPositionTimeline.cpp -I/Users/joshuashin/Projects/TheGameJamTemplate/TheGameJamTemplate/src/third_party/spine_impl/spine/PathConstraintSpacingTimeline.cpp -I/Users/joshuashin/Projects/TheGameJamTemplate/TheGameJamTemplate/src/third_party/spine_impl/spine/PhysicsConstraint.cpp -I/Users/joshuashin/Projects/TheGameJamTemplate/TheGameJamTemplate/src/third_party/spine_impl/spine/PhysicsConstraintData.cpp -I/Users/joshuashin/Projects/TheGameJamTemplate/TheGameJamTemplate/src/third_party/spine_impl/spine/PhysicsConstraintTimeline.cpp -I/Users/joshuashin/Projects/TheGameJamTemplate/TheGameJamTemplate/src/third_party/spine_impl/spine/PointAttachment.cpp -I/Users/joshuashin/Projects/TheGameJamTemplate/TheGameJamTemplate/src/third_party/spine_impl/spine/RTTI.cpp -I/Users/joshuashin/Projects/TheGameJamTemplate/TheGameJamTemplate/src/third_party/spine_impl/spine/RegionAttachment.cpp -I/Users/joshuashin/Projects/TheGameJamTemplate/TheGameJamTemplate/src/third_party/spine_impl/spine/RotateTimeline.cpp -I/Users/joshuashin/Projects/TheGameJamTemplate/TheGameJamTemplate/src/third_party/spine_impl/spine/ScaleTimeline.cpp -I/Users/joshuashin/Projects/TheGameJamTemplate/TheGameJamTemplate/src/third_party/spine_impl/spine/Sequence.cpp -I/Users/joshuashin/Projects/TheGameJamTemplate/TheGameJamTemplate/src/third_party/spine_impl/spine/SequenceTimeline.cpp -I/Users/joshuashin/Projects/TheGameJamTemplate/TheGameJamTemplate/src/third_party/spine_impl/spine/ShearTimeline.cpp -I/Users/joshuashin/Projects/TheGameJamTemplate/TheGameJamTemplate/src/third_party/spine_impl/spine/Skeleton.cpp -I/Users/joshuashin/Projects/TheGameJamTemplate/TheGameJamTemplate/src/third_party/spine_impl/spine/SkeletonBinary.cpp -I/Users/joshuashin/Projects/TheGameJamTemplate/TheGameJamTemplate/src/third_party/spine_impl/spine/SkeletonBounds.cpp -I/Users/joshuashin/Projects/TheGameJamTemplate/TheGameJamTemplate/src/third_party/spine_impl/spine/SkeletonClipping.cpp -I/Users/joshuashin/Projects/TheGameJamTemplate/TheGameJamTemplate/src/third_party/spine_impl/spine/SkeletonData.cpp -I/Users/joshuashin/Projects/TheGameJamTemplate/TheGameJamTemplate/src/third_party/spine_impl/spine/SkeletonJson.cpp -I/Users/joshuashin/Projects/TheGameJamTemplate/TheGameJamTemplate/src/third_party/spine_impl/spine/SkeletonRenderer.cpp -I/Users/joshuashin/Projects/TheGameJamTemplate/TheGameJamTemplate/src/third_party/spine_impl/spine/Skin.cpp -I/Users/joshuashin/Projects/TheGameJamTemplate/TheGameJamTemplate/src/third_party/spine_impl/spine/Slot.cpp -I/Users/joshuashin/Projects/TheGameJamTemplate/TheGameJamTemplate/src/third_party/spine_impl/spine/SlotData.cpp -I/Users/joshuashin/Projects/TheGameJamTemplate/TheGameJamTemplate/src/third_party/spine_impl/spine/SpineObject.cpp -I/Users/joshuashin/Projects/TheGameJamTemplate/TheGameJamTemplate/src/third_party/spine_impl/spine/TextureLoader.cpp -I/Users/joshuashin/Projects/TheGameJamTemplate/TheGameJamTemplate/src/third_party/spine_impl/spine/Timeline.cpp -I/Users/joshuashin/Projects/TheGameJamTemplate/TheGameJamTemplate/src/third_party/spine_impl/spine/TransformConstraint.cpp -I/Users/joshuashin/Projects/TheGameJamTemplate/TheGameJamTemplate/src/third_party/spine_impl/spine/TransformConstraintData.cpp -I/Users/joshuashin/Projects/TheGameJamTemplate/TheGameJamTemplate/src/third_party/spine_impl/spine/TransformConstraintTimeline.cpp -I/Users/joshuashin/Projects/TheGameJamTemplate/TheGameJamTemplate/src/third_party/spine_impl/spine/TranslateTimeline.cpp -I/Users/joshuashin/Projects/TheGameJamTemplate/TheGameJamTemplate/src/third_party/spine_impl/spine/Triangulator.cpp -I/Users/joshuashin/Projects/TheGameJamTemplate/TheGameJamTemplate/src/third_party/spine_impl/spine/Updatable.cpp -I/Users/joshuashin/Projects/TheGameJamTemplate/TheGameJamTemplate/src/third_party/spine_impl/spine/VertexAttachment.cpp -I/Users/joshuashin/Projects/TheGameJamTemplate/TheGameJamTemplate/src/third_party/spine_impl/spine_raylib.cpp -I/Users/joshuashin/Projects/TheGameJamTemplate/TheGameJamTemplate/src/third_party/unify/unify.cpp -I/Users/joshuashin/Projects/TheGameJamTemplate/TheGameJamTemplate/src/util/crash_reporter.cpp -I/Users/joshuashin/Projects/TheGameJamTemplate/TheGameJamTemplate/src/util/easing.cpp -I/Users/joshuashin/Projects/TheGameJamTemplate/TheGameJamTemplate/src/util/random_utils.cpp -I/Users/joshuashin/Projects/TheGameJamTemplate/TheGameJamTemplate/src/util/utilities.cpp -I/Users/joshuashin/Projects/TheGameJamTemplate/TheGameJamTemplate/src/third_party/objectpool-master/src/object_pool.cpp -I/Users/joshuashin/Projects/TheGameJamTemplate/TheGameJamTemplate/src -I/Users/joshuashin/Projects/TheGameJamTemplate/TheGameJamTemplate/include/fudge_pathfinding -I/Users/joshuashin/Projects/TheGameJamTemplate/TheGameJamTemplate/include/fudge_pathfinding/util -I/Users/joshuashin/Projects/TheGameJamTemplate/TheGameJamTemplate/include/GPGOAP -I/Users/joshuashin/Projects/TheGameJamTemplate/TheGameJamTemplate/build/_deps/random-src/include -I/Users/joshuashin/Projects/TheGameJamTemplate/TheGameJamTemplate/build/_deps/entt-src/single_include -I/Users/joshuashin/Projects/TheGameJamTemplate/TheGameJamTemplate/build/_deps/magic_enum-src/include -I/Users/joshuashin/Projects/TheGameJamTemplate/TheGameJamTemplate/include/taskflow-master/taskflow -I/Users/joshuashin/Projects/TheGameJamTemplate/TheGameJamTemplate -I/Users/joshuashin/Projects/TheGameJamTemplate/TheGameJamTemplate/build/_deps/glm-src -I/src -I/Users/joshuashin/Projects/TheGameJamTemplate/TheGameJamTemplate/include/spine -I/Users/joshuashin/Projects/TheGameJamTemplate/TheGameJamTemplate/build/_deps/stduuid-src/include -I/Users/joshuashin/Projects/TheGameJamTemplate/TheGameJamTemplate/build/_deps/snowhouse-src/include -I/Users/joshuashin/Projects/TheGameJamTemplate/TheGameJamTemplate/third_party/objectpool-master/src -I/Users/joshuashin/Projects/TheGameJamTemplate/TheGameJamTemplate/build/_deps/raylib-src/src -I/Users/joshuashin/Projects/TheGameJamTemplate/TheGameJamTemplate/build/_deps/raylib-src/src/external/glfw/include -I/Users/joshuashin/Projects/TheGameJamTemplate/TheGameJamTemplate/src/third_party/fmt/include -I/Users/joshuashin/Projects/TheGameJamTemplate/TheGameJamTemplate/build/_deps/json-src/include -I/Users/joshuashin/Projects/TheGameJamTemplate/TheGameJamTemplate/build/_deps/spdlog-src/include -I/Users/joshuashin/Projects/TheGameJamTemplate/TheGameJamTemplate/build/_deps/entt-src/src -I/Users/joshuashin/Projects/TheGameJamTemplate/TheGameJamTemplate/build/_deps/stduuid-src -I/Users/joshuashin/Projects/TheGameJamTemplate/TheGameJamTemplate/build/_deps/lua-src/src -isystem /Users/joshuashin/Projects/TheGameJamTemplate/TheGameJamTemplate/src/third_party/sol2/include -Wall -g -std=c++20 -arch arm64 -mmacosx-version-min=15.4 -Winvalid-pch -Xclang -include-pch -Xclang /Users/joshuashin/Projects/TheGameJamTemplate/TheGameJamTemplate/build/CMakeFiles/raylib-cpp-cmake-template.dir/cmake_pch.hxx.pch -Xclang -include -Xclang /Users/joshuashin/Projects/TheGameJamTemplate/TheGameJamTemplate/build/CMakeFiles/raylib-cpp-cmake-template.dir/cmake_pch.hxx -MD -MT CMakeFiles/raylib-cpp-cmake-template.dir/src/core/misc_functions.cpp.o -MF CMakeFiles/raylib-cpp-cmake-template.dir/src/core/misc_functions.cpp.o.d -o CMakeFiles/raylib-cpp-cmake-template.dir/src/core/misc_functions.cpp.o -c /Users/joshuashin/Projects/TheGameJamTemplate/TheGameJamTemplate/src/core/misc_functions.cpp
In file included from /Users/joshuashin/Projects/TheGameJamTemplate/TheGameJamTemplate/src/core/misc_functions.cpp:1:
In file included from /Users/joshuashin/Projects/TheGameJamTemplate/TheGameJamTemplate/src/core/misc_fuctions.hpp:5:
In file included from /Users/joshuashin/Projects/TheGameJamTemplate/TheGameJamTemplate/src/systems/transform/transform_functions.hpp:3:
In file included from /Users/joshuashin/Projects/TheGameJamTemplate/TheGameJamTemplate/src/systems/transform/transform.hpp:8:
In file included from /Users/joshuashin/Projects/TheGameJamTemplate/TheGameJamTemplate/src/systems/physics/physics_world.hpp:9:
In file included from /Users/joshuashin/Projects/TheGameJamTemplate/TheGameJamTemplate/src/systems/layer/layer.hpp:18:
In file included from /Users/joshuashin/Projects/TheGameJamTemplate/TheGameJamTemplate/src/systems/layer/layer_optimized.hpp:14:
In file included from /Users/joshuashin/Projects/TheGameJamTemplate/TheGameJamTemplate/src/third_party/objectpool-master/src/object_pool.hpp:205:
/Users/joshuashin/Projects/TheGameJamTemplate/TheGameJamTemplate/src/third_party/objectpool-master/src/object_pool.inl:31:18: warning: unused variable 'entry_align' [-Wunused-variable]
   31 |     const size_t entry_align = __alignof(T);
      |                  ^~~~~~~~~~~
In file included from /Users/joshuashin/Projects/TheGameJamTemplate/TheGameJamTemplate/src/core/misc_functions.cpp:1:
In file included from /Users/joshuashin/Projects/TheGameJamTemplate/TheGameJamTemplate/src/core/misc_fuctions.hpp:5:
In file included from /Users/joshuashin/Projects/TheGameJamTemplate/TheGameJamTemplate/src/systems/transform/transform_functions.hpp:3:
In file included from /Users/joshuashin/Projects/TheGameJamTemplate/TheGameJamTemplate/src/systems/transform/transform.hpp:13:
/Users/joshuashin/Projects/TheGameJamTemplate/TheGameJamTemplate/src/systems/physics/physics_manager.hpp:77:15: warning: unused variable 'W' [-Wunused-variable]
   77 |         auto& W  = *rec->w;
      |               ^
/Users/joshuashin/Projects/TheGameJamTemplate/TheGameJamTemplate/src/systems/physics/physics_manager.hpp:83:21: warning: unused variable 'cfg' [-Wunused-variable]
   83 |         const auto& cfg = N.config;
      |                     ^~~
In file included from /Users/joshuashin/Projects/TheGameJamTemplate/TheGameJamTemplate/src/core/misc_functions.cpp:3:
In file included from /Users/joshuashin/Projects/TheGameJamTemplate/TheGameJamTemplate/src/core/engine_context.hpp:17:
/Users/joshuashin/Projects/TheGameJamTemplate/TheGameJamTemplate/src/systems/shaders/shader_system.hpp:279:43: error: member access into incomplete type 'shaders::ShaderUniformComponent'
  279 |         globals::getGlobalShaderUniforms().set(shaderName, "uImageSize",
      |                                           ^
/Users/joshuashin/Projects/TheGameJamTemplate/TheGameJamTemplate/src/util/../core/globals.hpp:97:8: note: forward declaration of 'shaders::ShaderUniformComponent'
   97 | struct ShaderUniformComponent;
      |        ^
In file included from /Users/joshuashin/Projects/TheGameJamTemplate/TheGameJamTemplate/src/core/misc_functions.cpp:3:
In file included from /Users/joshuashin/Projects/TheGameJamTemplate/TheGameJamTemplate/src/core/engine_context.hpp:17:
/Users/joshuashin/Projects/TheGameJamTemplate/TheGameJamTemplate/src/systems/shaders/shader_system.hpp:282:43: error: member access into incomplete type 'shaders::ShaderUniformComponent'
  282 |         globals::getGlobalShaderUniforms().set(shaderName, "uGridRect",
      |                                           ^
/Users/joshuashin/Projects/TheGameJamTemplate/TheGameJamTemplate/src/util/../core/globals.hpp:97:8: note: forward declaration of 'shaders::ShaderUniformComponent'
   97 | struct ShaderUniformComponent;
      |        ^
In file included from /Users/joshuashin/Projects/TheGameJamTemplate/TheGameJamTemplate/src/core/misc_functions.cpp:3:
/Users/joshuashin/Projects/TheGameJamTemplate/TheGameJamTemplate/src/core/engine_context.hpp:134:33: error: member access into incomplete type 'EngineContext'
  134 |         auto it = globals::g_ctx->textureAtlas.find(atlasUUID);
      |                                 ^
/Users/joshuashin/Projects/TheGameJamTemplate/TheGameJamTemplate/src/util/../core/../systems/localization/localization.hpp:9:8: note: forward declaration of 'EngineContext'
    9 | struct EngineContext;
      |        ^
In file included from /Users/joshuashin/Projects/TheGameJamTemplate/TheGameJamTemplate/src/core/misc_functions.cpp:3:
/Users/joshuashin/Projects/TheGameJamTemplate/TheGameJamTemplate/src/core/engine_context.hpp:135:33: error: member access into incomplete type 'EngineContext'
  135 |         if (it != globals::g_ctx->textureAtlas.end()) {
      |                                 ^
/Users/joshuashin/Projects/TheGameJamTemplate/TheGameJamTemplate/src/util/../core/../systems/localization/localization.hpp:9:8: note: forward declaration of 'EngineContext'
    9 | struct EngineContext;
      |        ^
In file included from /Users/joshuashin/Projects/TheGameJamTemplate/TheGameJamTemplate/src/core/misc_functions.cpp:7:
/Users/joshuashin/Projects/TheGameJamTemplate/TheGameJamTemplate/src/systems/palette/palette_quantizer.hpp:40:39: error: member access into incomplete type 'shaders::ShaderUniformComponent'
   40 |     globals::getGlobalShaderUniforms().set(shaderName, "palette", paletteTex);
      |                                       ^
/Users/joshuashin/Projects/TheGameJamTemplate/TheGameJamTemplate/src/util/../core/globals.hpp:97:8: note: forward declaration of 'shaders::ShaderUniformComponent'
   97 | struct ShaderUniformComponent;
      |        ^
/Users/joshuashin/Projects/TheGameJamTemplate/TheGameJamTemplate/src/core/misc_functions.cpp:26:39: error: member access into incomplete type 'shaders::ShaderUniformComponent'
   26 |     globals::getGlobalShaderUniforms().set("custom_polychrome", "time",
      |                                       ^
/Users/joshuashin/Projects/TheGameJamTemplate/TheGameJamTemplate/src/util/../core/globals.hpp:97:8: note: forward declaration of 'shaders::ShaderUniformComponent'
   97 | struct ShaderUniformComponent;
      |        ^
/Users/joshuashin/Projects/TheGameJamTemplate/TheGameJamTemplate/src/core/misc_functions.cpp:31:37: error: member access into incomplete type 'shaders::ShaderUniformComponent'
   31 |   globals::getGlobalShaderUniforms().set("custom_polychrome", "stripeFreq",
      |                                     ^
/Users/joshuashin/Projects/TheGameJamTemplate/TheGameJamTemplate/src/util/../core/globals.hpp:97:8: note: forward declaration of 'shaders::ShaderUniformComponent'
   97 | struct ShaderUniformComponent;
      |        ^
/Users/joshuashin/Projects/TheGameJamTemplate/TheGameJamTemplate/src/core/misc_functions.cpp:33:37: error: member access into incomplete type 'shaders::ShaderUniformComponent'
   33 |   globals::getGlobalShaderUniforms().set("custom_polychrome", "waveFreq", 2.0f);
      |                                     ^
/Users/joshuashin/Projects/TheGameJamTemplate/TheGameJamTemplate/src/util/../core/globals.hpp:97:8: note: forward declaration of 'shaders::ShaderUniformComponent'
   97 | struct ShaderUniformComponent;
      |        ^
/Users/joshuashin/Projects/TheGameJamTemplate/TheGameJamTemplate/src/core/misc_functions.cpp:34:37: error: member access into incomplete type 'shaders::ShaderUniformComponent'
   34 |   globals::getGlobalShaderUniforms().set("custom_polychrome", "waveAmp", 0.4f);
      |                                     ^
/Users/joshuashin/Projects/TheGameJamTemplate/TheGameJamTemplate/src/util/../core/globals.hpp:97:8: note: forward declaration of 'shaders::ShaderUniformComponent'
   97 | struct ShaderUniformComponent;
      |        ^
/Users/joshuashin/Projects/TheGameJamTemplate/TheGameJamTemplate/src/core/misc_functions.cpp:35:37: error: member access into incomplete type 'shaders::ShaderUniformComponent'
   35 |   globals::getGlobalShaderUniforms().set("custom_polychrome", "waveSpeed",
      |                                     ^
/Users/joshuashin/Projects/TheGameJamTemplate/TheGameJamTemplate/src/util/../core/globals.hpp:97:8: note: forward declaration of 'shaders::ShaderUniformComponent'
   97 | struct ShaderUniformComponent;
      |        ^
/Users/joshuashin/Projects/TheGameJamTemplate/TheGameJamTemplate/src/core/misc_functions.cpp:37:37: error: member access into incomplete type 'shaders::ShaderUniformComponent'
   37 |   globals::getGlobalShaderUniforms().set("custom_polychrome", "stripeWidth",
      |                                     ^
/Users/joshuashin/Projects/TheGameJamTemplate/TheGameJamTemplate/src/util/../core/globals.hpp:97:8: note: forward declaration of 'shaders::ShaderUniformComponent'
   97 | struct ShaderUniformComponent;
      |        ^
/Users/joshuashin/Projects/TheGameJamTemplate/TheGameJamTemplate/src/core/misc_functions.cpp:39:37: error: member access into incomplete type 'shaders::ShaderUniformComponent'
   39 |   globals::getGlobalShaderUniforms().set("custom_polychrome", "polychrome",
      |                                     ^
/Users/joshuashin/Projects/TheGameJamTemplate/TheGameJamTemplate/src/util/../core/globals.hpp:97:8: note: forward declaration of 'shaders::ShaderUniformComponent'
   97 | struct ShaderUniformComponent;
      |        ^
/Users/joshuashin/Projects/TheGameJamTemplate/TheGameJamTemplate/src/core/misc_functions.cpp:45:37: error: member access into incomplete type 'shaders::ShaderUniformComponent'
   45 |   globals::getGlobalShaderUniforms().set(
      |                                     ^
/Users/joshuashin/Projects/TheGameJamTemplate/TheGameJamTemplate/src/util/../core/globals.hpp:97:8: note: forward declaration of 'shaders::ShaderUniformComponent'
   97 | struct ShaderUniformComponent;
      |        ^
/Users/joshuashin/Projects/TheGameJamTemplate/TheGameJamTemplate/src/core/misc_functions.cpp:47:37: error: member access into incomplete type 'shaders::ShaderUniformComponent'
   47 |   globals::getGlobalShaderUniforms().set(
      |                                     ^
/Users/joshuashin/Projects/TheGameJamTemplate/TheGameJamTemplate/src/util/../core/globals.hpp:97:8: note: forward declaration of 'shaders::ShaderUniformComponent'
   97 | struct ShaderUniformComponent;
      |        ^
/Users/joshuashin/Projects/TheGameJamTemplate/TheGameJamTemplate/src/core/misc_functions.cpp:50:37: error: member access into incomplete type 'shaders::ShaderUniformComponent'
   50 |   globals::getGlobalShaderUniforms().set("spotlight", "circle_size", 0.5f);
      |                                     ^
/Users/joshuashin/Projects/TheGameJamTemplate/TheGameJamTemplate/src/util/../core/globals.hpp:97:8: note: forward declaration of 'shaders::ShaderUniformComponent'
   97 | struct ShaderUniformComponent;
      |        ^
/Users/joshuashin/Projects/TheGameJamTemplate/TheGameJamTemplate/src/core/misc_functions.cpp:51:37: error: member access into incomplete type 'shaders::ShaderUniformComponent'
   51 |   globals::getGlobalShaderUniforms().set("spotlight", "feather", 0.05f);
      |                                     ^
/Users/joshuashin/Projects/TheGameJamTemplate/TheGameJamTemplate/src/util/../core/globals.hpp:97:8: note: forward declaration of 'shaders::ShaderUniformComponent'
   97 | struct ShaderUniformComponent;
      |        ^
/Users/joshuashin/Projects/TheGameJamTemplate/TheGameJamTemplate/src/core/misc_functions.cpp:52:37: error: member access into incomplete type 'shaders::ShaderUniformComponent'
   52 |   globals::getGlobalShaderUniforms().set("spotlight", "circle_position",
      |                                     ^
/Users/joshuashin/Projects/TheGameJamTemplate/TheGameJamTemplate/src/util/../core/globals.hpp:97:8: note: forward declaration of 'shaders::ShaderUniformComponent'
   97 | struct ShaderUniformComponent;
      |        ^
/Users/joshuashin/Projects/TheGameJamTemplate/TheGameJamTemplate/src/core/misc_functions.cpp:68:37: error: member access into incomplete type 'shaders::ShaderUniformComponent'
   68 |   globals::getGlobalShaderUniforms().set("random_displacement_anim", "interval",
      |                                     ^
/Users/joshuashin/Projects/TheGameJamTemplate/TheGameJamTemplate/src/util/../core/globals.hpp:97:8: note: forward declaration of 'shaders::ShaderUniformComponent'
   97 | struct ShaderUniformComponent;
      |        ^
/Users/joshuashin/Projects/TheGameJamTemplate/TheGameJamTemplate/src/core/misc_functions.cpp:70:37: error: member access into incomplete type 'shaders::ShaderUniformComponent'
   70 |   globals::getGlobalShaderUniforms().set("random_displacement_anim",
      |                                     ^
/Users/joshuashin/Projects/TheGameJamTemplate/TheGameJamTemplate/src/util/../core/globals.hpp:97:8: note: forward declaration of 'shaders::ShaderUniformComponent'
   97 | struct ShaderUniformComponent;
      |        ^
fatal error: too many errors emitted, stopping now [-ferror-limit=]
3 warnings and 20 errors generated.
[2/209] Building CXX object CMakeFiles/raylib-cpp-cmake-template.dir/src/systems/chipmunk_objectivec/ChipmunkAutogeometry.cpp.o
[3/209] Building CXX object CMakeFiles/raylib-cpp-cmake-template.dir/src/systems/chipmunk_objectivec/ChipmunkBody.cpp.o
In file included from /Users/joshuashin/Projects/TheGameJamTemplate/TheGameJamTemplate/src/systems/chipmunk_objectivec/ChipmunkBody.cpp:5:
/Users/joshuashin/Projects/TheGameJamTemplate/TheGameJamTemplate/src/systems/chipmunk_objectivec/ChipmunkBody.hpp:122:11: warning: private field '_userData' is not used [-Wunused-private-field]
  122 |     void* _userData = nullptr;
      |           ^
1 warning generated.
[4/209] Building CXX object CMakeFiles/raylib-cpp-cmake-template.dir/src/systems/chipmunk_objectivec/ChipmunkShape.cpp.o
[5/209] Building CXX object CMakeFiles/raylib-cpp-cmake-template.dir/src/systems/chipmunk_objectivec/ChipmunkSpace.cpp.o
[6/209] Building CXX object CMakeFiles/raylib-cpp-cmake-template.dir/src/systems/composable_mechanics/effects.cpp.o
/Users/joshuashin/Projects/TheGameJamTemplate/TheGameJamTemplate/src/systems/composable_mechanics/effects.cpp:71:11: warning: unused variable 'world' [-Wunused-variable]
   71 |     auto& world = cx.world;
      |           ^~~~~
/Users/joshuashin/Projects/TheGameJamTemplate/TheGameJamTemplate/src/systems/composable_mechanics/effects.cpp:205:15: warning: unused variable 'e' [-Wunused-variable]
  205 |     for (auto e : targets) {
      |               ^
/Users/joshuashin/Projects/TheGameJamTemplate/TheGameJamTemplate/src/systems/composable_mechanics/effects.cpp:20:24: warning: unused function 'CounterKey' [-Wunused-function]
   20 | static inline uint64_t CounterKey(entt::entity owner, Sid key) {
      |                        ^~~~~~~~~~
3 warnings generated.
[7/209] Building CXX object CMakeFiles/raylib-cpp-cmake-template.dir/src/core/game.cpp.o
FAILED: [code=1] CMakeFiles/raylib-cpp-cmake-template.dir/src/core/game.cpp.o 
/opt/homebrew/Cellar/cmake/4.0.1/bin/cmake -E env CCACHE_DIR=/Users/joshuashin/Projects/TheGameJamTemplate/TheGameJamTemplate/.ccache CCACHE_TEMPDIR=/Users/joshuashin/Projects/TheGameJamTemplate/TheGameJamTemplate/.ccache/tmp CCACHE_CONFIGPATH=/Users/joshuashin/Projects/TheGameJamTemplate/TheGameJamTemplate/.ccache/ccache.conf /opt/homebrew/bin/ccache /usr/bin/clang++ -DASSETS_PATH=\"/Users/joshuashin/Projects/TheGameJamTemplate/TheGameJamTemplate/assets/\" -DCMAKE_BUILD_TYPE=Debug -DCRASH_REPORT_BUILD_ID=\"\" -DFMT_HEADER_ONLY=1 -DGRAPHICS_API_OPENGL_33 -DIMGUI_DEFINE_MATH_OPERATORS -DLUA_VERSION=\"5.4.4\" -DPLATFORM_DESKTOP -DSKIP_ASSET_SCAN_DEFAULT=0 -DSKIP_UUID_DUMP_DEFAULT=0 -DSOL_STD_OPTIONAL -DSPDLOG_COMPILED_LIB -DSPDLOG_FMT_EXTERNAL -DTRACY_ENABLED=0 -I/Users/joshuashin/Projects/TheGameJamTemplate/TheGameJamTemplate/include -I/Users/joshuashin/Projects/TheGameJamTemplate/TheGameJamTemplate/src/main.cpp -I/Users/joshuashin/Projects/TheGameJamTemplate/TheGameJamTemplate/src/core/engine_context.cpp -I/Users/joshuashin/Projects/TheGameJamTemplate/TheGameJamTemplate/src/core/game.cpp -I/Users/joshuashin/Projects/TheGameJamTemplate/TheGameJamTemplate/src/core/globals.cpp -I/Users/joshuashin/Projects/TheGameJamTemplate/TheGameJamTemplate/src/core/graphics.cpp -I/Users/joshuashin/Projects/TheGameJamTemplate/TheGameJamTemplate/src/core/gui.cpp -I/Users/joshuashin/Projects/TheGameJamTemplate/TheGameJamTemplate/src/core/init.cpp -I/Users/joshuashin/Projects/TheGameJamTemplate/TheGameJamTemplate/src/core/misc_functions.cpp -I/Users/joshuashin/Projects/TheGameJamTemplate/TheGameJamTemplate/src/core/ui_definitions.cpp -I/Users/joshuashin/Projects/TheGameJamTemplate/TheGameJamTemplate/src/systems/ai/ai_system.cpp -I/Users/joshuashin/Projects/TheGameJamTemplate/TheGameJamTemplate/src/systems/anim_system.cpp -I/Users/joshuashin/Projects/TheGameJamTemplate/TheGameJamTemplate/src/systems/chipmunk_objectivec/ChipmunkAutogeometry.cpp -I/Users/joshuashin/Projects/TheGameJamTemplate/TheGameJamTemplate/src/systems/chipmunk_objectivec/ChipmunkBody.cpp -I/Users/joshuashin/Projects/TheGameJamTemplate/TheGameJamTemplate/src/systems/chipmunk_objectivec/ChipmunkShape.cpp -I/Users/joshuashin/Projects/TheGameJamTemplate/TheGameJamTemplate/src/systems/chipmunk_objectivec/ChipmunkSpace.cpp -I/Users/joshuashin/Projects/TheGameJamTemplate/TheGameJamTemplate/src/systems/collision/broad_phase.cpp -I/Users/joshuashin/Projects/TheGameJamTemplate/TheGameJamTemplate/src/systems/composable_mechanics/effects.cpp -I/Users/joshuashin/Projects/TheGameJamTemplate/TheGameJamTemplate/src/systems/composable_mechanics/example_usage.cpp -I/Users/joshuashin/Projects/TheGameJamTemplate/TheGameJamTemplate/src/systems/composable_mechanics/loader_lua.cpp -I/Users/joshuashin/Projects/TheGameJamTemplate/TheGameJamTemplate/src/systems/composable_mechanics/pipelines.cpp -I/Users/joshuashin/Projects/TheGameJamTemplate/TheGameJamTemplate/src/systems/entity_gamestate_management/entity_gamestate_management.cpp -I/Users/joshuashin/Projects/TheGameJamTemplate/TheGameJamTemplate/src/systems/event/event_system.cpp -I/Users/joshuashin/Projects/TheGameJamTemplate/TheGameJamTemplate/src/systems/factory/factory.cpp -I/Users/joshuashin/Projects/TheGameJamTemplate/TheGameJamTemplate/src/systems/fade/fade_system.cpp -I/Users/joshuashin/Projects/TheGameJamTemplate/TheGameJamTemplate/src/systems/gif/gifLoadingAndPlayingSystem.cpp -I/Users/joshuashin/Projects/TheGameJamTemplate/TheGameJamTemplate/src/systems/gui_indicator/guiIndicatorSystem.cpp -I/Users/joshuashin/Projects/TheGameJamTemplate/TheGameJamTemplate/src/systems/input/controller_nav.cpp -I/Users/joshuashin/Projects/TheGameJamTemplate/TheGameJamTemplate/src/systems/input/input_function_data.cpp -I/Users/joshuashin/Projects/TheGameJamTemplate/TheGameJamTemplate/src/systems/input/input_functions.cpp -I/Users/joshuashin/Projects/TheGameJamTemplate/TheGameJamTemplate/src/systems/layer/layer.cpp -I/Users/joshuashin/Projects/TheGameJamTemplate/TheGameJamTemplate/src/systems/layer/layer_command_buffer.cpp -I/Users/joshuashin/Projects/TheGameJamTemplate/TheGameJamTemplate/src/systems/layer/layer_optimized.cpp -I/Users/joshuashin/Projects/TheGameJamTemplate/TheGameJamTemplate/src/systems/layer/layer_order_system.cpp -I/Users/joshuashin/Projects/TheGameJamTemplate/TheGameJamTemplate/src/systems/ldtk_loader/ldtk_combined.cpp -I/Users/joshuashin/Projects/TheGameJamTemplate/TheGameJamTemplate/src/systems/ldtk_rule_import/ldtk_test.cpp -I/Users/joshuashin/Projects/TheGameJamTemplate/TheGameJamTemplate/src/systems/line_of_sight/line_of_sight.cpp -I/Users/joshuashin/Projects/TheGameJamTemplate/TheGameJamTemplate/src/systems/line_of_sight/variables.cpp -I/Users/joshuashin/Projects/TheGameJamTemplate/TheGameJamTemplate/src/systems/localization/localization.cpp -I/Users/joshuashin/Projects/TheGameJamTemplate/TheGameJamTemplate/src/systems/main_loop_enhancement/main_loop.cpp -I/Users/joshuashin/Projects/TheGameJamTemplate/TheGameJamTemplate/src/systems/physics/crane_system.cpp -I/Users/joshuashin/Projects/TheGameJamTemplate/TheGameJamTemplate/src/systems/physics/physics_components.cpp -I/Users/joshuashin/Projects/TheGameJamTemplate/TheGameJamTemplate/src/systems/physics/physics_world.cpp -I/Users/joshuashin/Projects/TheGameJamTemplate/TheGameJamTemplate/src/systems/physics/steering.cpp -I/Users/joshuashin/Projects/TheGameJamTemplate/TheGameJamTemplate/src/systems/physics/transform_physics_hook.cpp -I/Users/joshuashin/Projects/TheGameJamTemplate/TheGameJamTemplate/src/systems/scripting/lua_hot_reload.cpp -I/Users/joshuashin/Projects/TheGameJamTemplate/TheGameJamTemplate/src/systems/scripting/registry_bond.cpp -I/Users/joshuashin/Projects/TheGameJamTemplate/TheGameJamTemplate/src/systems/scripting/scripting_functions.cpp -I/Users/joshuashin/Projects/TheGameJamTemplate/TheGameJamTemplate/src/systems/scripting/scripting_system.cpp -I/Users/joshuashin/Projects/TheGameJamTemplate/TheGameJamTemplate/src/systems/shaders/shader_draw_commands.cpp -I/Users/joshuashin/Projects/TheGameJamTemplate/TheGameJamTemplate/src/systems/shaders/shader_system.cpp -I/Users/joshuashin/Projects/TheGameJamTemplate/TheGameJamTemplate/src/systems/sound/sound_system.cpp -I/Users/joshuashin/Projects/TheGameJamTemplate/TheGameJamTemplate/src/systems/spring/spring.cpp -I/Users/joshuashin/Projects/TheGameJamTemplate/TheGameJamTemplate/src/systems/spring/spring_pool.cpp -I/Users/joshuashin/Projects/TheGameJamTemplate/TheGameJamTemplate/src/systems/systems.cpp -I/Users/joshuashin/Projects/TheGameJamTemplate/TheGameJamTemplate/src/systems/text/textVer2.cpp -I/Users/joshuashin/Projects/TheGameJamTemplate/TheGameJamTemplate/src/systems/text/text_effects.cpp -I/Users/joshuashin/Projects/TheGameJamTemplate/TheGameJamTemplate/src/systems/timer/timer.cpp -I/Users/joshuashin/Projects/TheGameJamTemplate/TheGameJamTemplate/src/systems/transform/transform.cpp -I/Users/joshuashin/Projects/TheGameJamTemplate/TheGameJamTemplate/src/systems/transform/transform_functions.cpp -I/Users/joshuashin/Projects/TheGameJamTemplate/TheGameJamTemplate/src/systems/tutorial/tutorial_system_v2.cpp -I/Users/joshuashin/Projects/TheGameJamTemplate/TheGameJamTemplate/src/systems/ui/box.cpp -I/Users/joshuashin/Projects/TheGameJamTemplate/TheGameJamTemplate/src/systems/ui/common_definitions.cpp -I/Users/joshuashin/Projects/TheGameJamTemplate/TheGameJamTemplate/src/systems/ui/element.cpp -I/Users/joshuashin/Projects/TheGameJamTemplate/TheGameJamTemplate/src/systems/ui/ui.cpp -I/Users/joshuashin/Projects/TheGameJamTemplate/TheGameJamTemplate/src/systems/ui/ui_data.cpp -I/Users/joshuashin/Projects/TheGameJamTemplate/TheGameJamTemplate/src/systems/ui/util.cpp -I/Users/joshuashin/Projects/TheGameJamTemplate/TheGameJamTemplate/src/systems/uuid/uuid.cpp -I/Users/joshuashin/Projects/TheGameJamTemplate/TheGameJamTemplate/src/third_party/imgui_console/csys_console_sink.cpp -I/Users/joshuashin/Projects/TheGameJamTemplate/TheGameJamTemplate/src/third_party/imgui_console/imgui_console.cpp -I/Users/joshuashin/Projects/TheGameJamTemplate/TheGameJamTemplate/src/third_party/ldtk_loader/src/DataTypes.cpp -I/Users/joshuashin/Projects/TheGameJamTemplate/TheGameJamTemplate/src/third_party/ldtk_loader/src/Entity.cpp -I/Users/joshuashin/Projects/TheGameJamTemplate/TheGameJamTemplate/src/third_party/ldtk_loader/src/EntityDef.cpp -I/Users/joshuashin/Projects/TheGameJamTemplate/TheGameJamTemplate/src/third_party/ldtk_loader/src/Enum.cpp -I/Users/joshuashin/Projects/TheGameJamTemplate/TheGameJamTemplate/src/third_party/ldtk_loader/src/FieldsContainer.cpp -I/Users/joshuashin/Projects/TheGameJamTemplate/TheGameJamTemplate/src/third_party/ldtk_loader/src/Layer.cpp -I/Users/joshuashin/Projects/TheGameJamTemplate/TheGameJamTemplate/src/third_party/ldtk_loader/src/LayerDef.cpp -I/Users/joshuashin/Projects/TheGameJamTemplate/TheGameJamTemplate/src/third_party/ldtk_loader/src/Level.cpp -I/Users/joshuashin/Projects/TheGameJamTemplate/TheGameJamTemplate/src/third_party/ldtk_loader/src/Project.cpp -I/Users/joshuashin/Projects/TheGameJamTemplate/TheGameJamTemplate/src/third_party/ldtk_loader/src/TagsContainer.cpp -I/Users/joshuashin/Projects/TheGameJamTemplate/TheGameJamTemplate/src/third_party/ldtk_loader/src/Tile.cpp -I/Users/joshuashin/Projects/TheGameJamTemplate/TheGameJamTemplate/src/third_party/ldtk_loader/src/Tileset.cpp -I/Users/joshuashin/Projects/TheGameJamTemplate/TheGameJamTemplate/src/third_party/ldtk_loader/src/Utils.cpp -I/Users/joshuashin/Projects/TheGameJamTemplate/TheGameJamTemplate/src/third_party/ldtk_loader/src/World.cpp -I/Users/joshuashin/Projects/TheGameJamTemplate/TheGameJamTemplate/src/third_party/ldtkimport/include/ldtkimport/LdtkDefFile.cpp -I/Users/joshuashin/Projects/TheGameJamTemplate/TheGameJamTemplate/src/third_party/ldtkimport/include/ldtkimport/Rule.cpp -I/Users/joshuashin/Projects/TheGameJamTemplate/TheGameJamTemplate/src/third_party/ldtkimport/include/ldtkimport/yyjson.cpp -I/Users/joshuashin/Projects/TheGameJamTemplate/TheGameJamTemplate/src/third_party/navmesh/source/cone_of_vision.cpp -I/Users/joshuashin/Projects/TheGameJamTemplate/TheGameJamTemplate/src/third_party/navmesh/source/path_finder.cpp -I/Users/joshuashin/Projects/TheGameJamTemplate/TheGameJamTemplate/src/third_party/navmesh/source/point.cpp -I/Users/joshuashin/Projects/TheGameJamTemplate/TheGameJamTemplate/src/third_party/navmesh/source/polygon.cpp -I/Users/joshuashin/Projects/TheGameJamTemplate/TheGameJamTemplate/src/third_party/navmesh/source/segment.cpp -I/Users/joshuashin/Projects/TheGameJamTemplate/TheGameJamTemplate/src/third_party/rlImGui/imgui.cpp -I/Users/joshuashin/Projects/TheGameJamTemplate/TheGameJamTemplate/src/third_party/rlImGui/imgui_demo.cpp -I/Users/joshuashin/Projects/TheGameJamTemplate/TheGameJamTemplate/src/third_party/rlImGui/imgui_draw.cpp -I/Users/joshuashin/Projects/TheGameJamTemplate/TheGameJamTemplate/src/third_party/rlImGui/imgui_tables.cpp -I/Users/joshuashin/Projects/TheGameJamTemplate/TheGameJamTemplate/src/third_party/rlImGui/imgui_widgets.cpp -I/Users/joshuashin/Projects/TheGameJamTemplate/TheGameJamTemplate/src/third_party/rlImGui/rlImGui.cpp -I/Users/joshuashin/Projects/TheGameJamTemplate/TheGameJamTemplate/src/third_party/spine_impl/spine/Animation.cpp -I/Users/joshuashin/Projects/TheGameJamTemplate/TheGameJamTemplate/src/third_party/spine_impl/spine/AnimationState.cpp -I/Users/joshuashin/Projects/TheGameJamTemplate/TheGameJamTemplate/src/third_party/spine_impl/spine/AnimationStateData.cpp -I/Users/joshuashin/Projects/TheGameJamTemplate/TheGameJamTemplate/src/third_party/spine_impl/spine/Atlas.cpp -I/Users/joshuashin/Projects/TheGameJamTemplate/TheGameJamTemplate/src/third_party/spine_impl/spine/AtlasAttachmentLoader.cpp -I/Users/joshuashin/Projects/TheGameJamTemplate/TheGameJamTemplate/src/third_party/spine_impl/spine/Attachment.cpp -I/Users/joshuashin/Projects/TheGameJamTemplate/TheGameJamTemplate/src/third_party/spine_impl/spine/AttachmentLoader.cpp -I/Users/joshuashin/Projects/TheGameJamTemplate/TheGameJamTemplate/src/third_party/spine_impl/spine/AttachmentTimeline.cpp -I/Users/joshuashin/Projects/TheGameJamTemplate/TheGameJamTemplate/src/third_party/spine_impl/spine/Bone.cpp -I/Users/joshuashin/Projects/TheGameJamTemplate/TheGameJamTemplate/src/third_party/spine_impl/spine/BoneData.cpp -I/Users/joshuashin/Projects/TheGameJamTemplate/TheGameJamTemplate/src/third_party/spine_impl/spine/BoundingBoxAttachment.cpp -I/Users/joshuashin/Projects/TheGameJamTemplate/TheGameJamTemplate/src/third_party/spine_impl/spine/ClippingAttachment.cpp -I/Users/joshuashin/Projects/TheGameJamTemplate/TheGameJamTemplate/src/third_party/spine_impl/spine/ColorTimeline.cpp -I/Users/joshuashin/Projects/TheGameJamTemplate/TheGameJamTemplate/src/third_party/spine_impl/spine/ConstraintData.cpp -I/Users/joshuashin/Projects/TheGameJamTemplate/TheGameJamTemplate/src/third_party/spine_impl/spine/CurveTimeline.cpp -I/Users/joshuashin/Projects/TheGameJamTemplate/TheGameJamTemplate/src/third_party/spine_impl/spine/DeformTimeline.cpp -I/Users/joshuashin/Projects/TheGameJamTemplate/TheGameJamTemplate/src/third_party/spine_impl/spine/DrawOrderTimeline.cpp -I/Users/joshuashin/Projects/TheGameJamTemplate/TheGameJamTemplate/src/third_party/spine_impl/spine/Event.cpp -I/Users/joshuashin/Projects/TheGameJamTemplate/TheGameJamTemplate/src/third_party/spine_impl/spine/EventData.cpp -I/Users/joshuashin/Projects/TheGameJamTemplate/TheGameJamTemplate/src/third_party/spine_impl/spine/EventTimeline.cpp -I/Users/joshuashin/Projects/TheGameJamTemplate/TheGameJamTemplate/src/third_party/spine_impl/spine/Extension.cpp -I/Users/joshuashin/Projects/TheGameJamTemplate/TheGameJamTemplate/src/third_party/spine_impl/spine/IkConstraint.cpp -I/Users/joshuashin/Projects/TheGameJamTemplate/TheGameJamTemplate/src/third_party/spine_impl/spine/IkConstraintData.cpp -I/Users/joshuashin/Projects/TheGameJamTemplate/TheGameJamTemplate/src/third_party/spine_impl/spine/IkConstraintTimeline.cpp -I/Users/joshuashin/Projects/TheGameJamTemplate/TheGameJamTemplate/src/third_party/spine_impl/spine/InheritTimeline.cpp -I/Users/joshuashin/Projects/TheGameJamTemplate/TheGameJamTemplate/src/third_party/spine_impl/spine/Json.cpp -I/Users/joshuashin/Projects/TheGameJamTemplate/TheGameJamTemplate/src/third_party/spine_impl/spine/LinkedMesh.cpp -I/Users/joshuashin/Projects/TheGameJamTemplate/TheGameJamTemplate/src/third_party/spine_impl/spine/Log.cpp -I/Users/joshuashin/Projects/TheGameJamTemplate/TheGameJamTemplate/src/third_party/spine_impl/spine/MathUtil.cpp -I/Users/joshuashin/Projects/TheGameJamTemplate/TheGameJamTemplate/src/third_party/spine_impl/spine/MeshAttachment.cpp -I/Users/joshuashin/Projects/TheGameJamTemplate/TheGameJamTemplate/src/third_party/spine_impl/spine/PathAttachment.cpp -I/Users/joshuashin/Projects/TheGameJamTemplate/TheGameJamTemplate/src/third_party/spine_impl/spine/PathConstraint.cpp -I/Users/joshuashin/Projects/TheGameJamTemplate/TheGameJamTemplate/src/third_party/spine_impl/spine/PathConstraintData.cpp -I/Users/joshuashin/Projects/TheGameJamTemplate/TheGameJamTemplate/src/third_party/spine_impl/spine/PathConstraintMixTimeline.cpp -I/Users/joshuashin/Projects/TheGameJamTemplate/TheGameJamTemplate/src/third_party/spine_impl/spine/PathConstraintPositionTimeline.cpp -I/Users/joshuashin/Projects/TheGameJamTemplate/TheGameJamTemplate/src/third_party/spine_impl/spine/PathConstraintSpacingTimeline.cpp -I/Users/joshuashin/Projects/TheGameJamTemplate/TheGameJamTemplate/src/third_party/spine_impl/spine/PhysicsConstraint.cpp -I/Users/joshuashin/Projects/TheGameJamTemplate/TheGameJamTemplate/src/third_party/spine_impl/spine/PhysicsConstraintData.cpp -I/Users/joshuashin/Projects/TheGameJamTemplate/TheGameJamTemplate/src/third_party/spine_impl/spine/PhysicsConstraintTimeline.cpp -I/Users/joshuashin/Projects/TheGameJamTemplate/TheGameJamTemplate/src/third_party/spine_impl/spine/PointAttachment.cpp -I/Users/joshuashin/Projects/TheGameJamTemplate/TheGameJamTemplate/src/third_party/spine_impl/spine/RTTI.cpp -I/Users/joshuashin/Projects/TheGameJamTemplate/TheGameJamTemplate/src/third_party/spine_impl/spine/RegionAttachment.cpp -I/Users/joshuashin/Projects/TheGameJamTemplate/TheGameJamTemplate/src/third_party/spine_impl/spine/RotateTimeline.cpp -I/Users/joshuashin/Projects/TheGameJamTemplate/TheGameJamTemplate/src/third_party/spine_impl/spine/ScaleTimeline.cpp -I/Users/joshuashin/Projects/TheGameJamTemplate/TheGameJamTemplate/src/third_party/spine_impl/spine/Sequence.cpp -I/Users/joshuashin/Projects/TheGameJamTemplate/TheGameJamTemplate/src/third_party/spine_impl/spine/SequenceTimeline.cpp -I/Users/joshuashin/Projects/TheGameJamTemplate/TheGameJamTemplate/src/third_party/spine_impl/spine/ShearTimeline.cpp -I/Users/joshuashin/Projects/TheGameJamTemplate/TheGameJamTemplate/src/third_party/spine_impl/spine/Skeleton.cpp -I/Users/joshuashin/Projects/TheGameJamTemplate/TheGameJamTemplate/src/third_party/spine_impl/spine/SkeletonBinary.cpp -I/Users/joshuashin/Projects/TheGameJamTemplate/TheGameJamTemplate/src/third_party/spine_impl/spine/SkeletonBounds.cpp -I/Users/joshuashin/Projects/TheGameJamTemplate/TheGameJamTemplate/src/third_party/spine_impl/spine/SkeletonClipping.cpp -I/Users/joshuashin/Projects/TheGameJamTemplate/TheGameJamTemplate/src/third_party/spine_impl/spine/SkeletonData.cpp -I/Users/joshuashin/Projects/TheGameJamTemplate/TheGameJamTemplate/src/third_party/spine_impl/spine/SkeletonJson.cpp -I/Users/joshuashin/Projects/TheGameJamTemplate/TheGameJamTemplate/src/third_party/spine_impl/spine/SkeletonRenderer.cpp -I/Users/joshuashin/Projects/TheGameJamTemplate/TheGameJamTemplate/src/third_party/spine_impl/spine/Skin.cpp -I/Users/joshuashin/Projects/TheGameJamTemplate/TheGameJamTemplate/src/third_party/spine_impl/spine/Slot.cpp -I/Users/joshuashin/Projects/TheGameJamTemplate/TheGameJamTemplate/src/third_party/spine_impl/spine/SlotData.cpp -I/Users/joshuashin/Projects/TheGameJamTemplate/TheGameJamTemplate/src/third_party/spine_impl/spine/SpineObject.cpp -I/Users/joshuashin/Projects/TheGameJamTemplate/TheGameJamTemplate/src/third_party/spine_impl/spine/TextureLoader.cpp -I/Users/joshuashin/Projects/TheGameJamTemplate/TheGameJamTemplate/src/third_party/spine_impl/spine/Timeline.cpp -I/Users/joshuashin/Projects/TheGameJamTemplate/TheGameJamTemplate/src/third_party/spine_impl/spine/TransformConstraint.cpp -I/Users/joshuashin/Projects/TheGameJamTemplate/TheGameJamTemplate/src/third_party/spine_impl/spine/TransformConstraintData.cpp -I/Users/joshuashin/Projects/TheGameJamTemplate/TheGameJamTemplate/src/third_party/spine_impl/spine/TransformConstraintTimeline.cpp -I/Users/joshuashin/Projects/TheGameJamTemplate/TheGameJamTemplate/src/third_party/spine_impl/spine/TranslateTimeline.cpp -I/Users/joshuashin/Projects/TheGameJamTemplate/TheGameJamTemplate/src/third_party/spine_impl/spine/Triangulator.cpp -I/Users/joshuashin/Projects/TheGameJamTemplate/TheGameJamTemplate/src/third_party/spine_impl/spine/Updatable.cpp -I/Users/joshuashin/Projects/TheGameJamTemplate/TheGameJamTemplate/src/third_party/spine_impl/spine/VertexAttachment.cpp -I/Users/joshuashin/Projects/TheGameJamTemplate/TheGameJamTemplate/src/third_party/spine_impl/spine_raylib.cpp -I/Users/joshuashin/Projects/TheGameJamTemplate/TheGameJamTemplate/src/third_party/unify/unify.cpp -I/Users/joshuashin/Projects/TheGameJamTemplate/TheGameJamTemplate/src/util/crash_reporter.cpp -I/Users/joshuashin/Projects/TheGameJamTemplate/TheGameJamTemplate/src/util/easing.cpp -I/Users/joshuashin/Projects/TheGameJamTemplate/TheGameJamTemplate/src/util/random_utils.cpp -I/Users/joshuashin/Projects/TheGameJamTemplate/TheGameJamTemplate/src/util/utilities.cpp -I/Users/joshuashin/Projects/TheGameJamTemplate/TheGameJamTemplate/src/third_party/objectpool-master/src/object_pool.cpp -I/Users/joshuashin/Projects/TheGameJamTemplate/TheGameJamTemplate/src -I/Users/joshuashin/Projects/TheGameJamTemplate/TheGameJamTemplate/include/fudge_pathfinding -I/Users/joshuashin/Projects/TheGameJamTemplate/TheGameJamTemplate/include/fudge_pathfinding/util -I/Users/joshuashin/Projects/TheGameJamTemplate/TheGameJamTemplate/include/GPGOAP -I/Users/joshuashin/Projects/TheGameJamTemplate/TheGameJamTemplate/build/_deps/random-src/include -I/Users/joshuashin/Projects/TheGameJamTemplate/TheGameJamTemplate/build/_deps/entt-src/single_include -I/Users/joshuashin/Projects/TheGameJamTemplate/TheGameJamTemplate/build/_deps/magic_enum-src/include -I/Users/joshuashin/Projects/TheGameJamTemplate/TheGameJamTemplate/include/taskflow-master/taskflow -I/Users/joshuashin/Projects/TheGameJamTemplate/TheGameJamTemplate -I/Users/joshuashin/Projects/TheGameJamTemplate/TheGameJamTemplate/build/_deps/glm-src -I/src -I/Users/joshuashin/Projects/TheGameJamTemplate/TheGameJamTemplate/include/spine -I/Users/joshuashin/Projects/TheGameJamTemplate/TheGameJamTemplate/build/_deps/stduuid-src/include -I/Users/joshuashin/Projects/TheGameJamTemplate/TheGameJamTemplate/build/_deps/snowhouse-src/include -I/Users/joshuashin/Projects/TheGameJamTemplate/TheGameJamTemplate/third_party/objectpool-master/src -I/Users/joshuashin/Projects/TheGameJamTemplate/TheGameJamTemplate/build/_deps/raylib-src/src -I/Users/joshuashin/Projects/TheGameJamTemplate/TheGameJamTemplate/build/_deps/raylib-src/src/external/glfw/include -I/Users/joshuashin/Projects/TheGameJamTemplate/TheGameJamTemplate/src/third_party/fmt/include -I/Users/joshuashin/Projects/TheGameJamTemplate/TheGameJamTemplate/build/_deps/json-src/include -I/Users/joshuashin/Projects/TheGameJamTemplate/TheGameJamTemplate/build/_deps/spdlog-src/include -I/Users/joshuashin/Projects/TheGameJamTemplate/TheGameJamTemplate/build/_deps/entt-src/src -I/Users/joshuashin/Projects/TheGameJamTemplate/TheGameJamTemplate/build/_deps/stduuid-src -I/Users/joshuashin/Projects/TheGameJamTemplate/TheGameJamTemplate/build/_deps/lua-src/src -isystem /Users/joshuashin/Projects/TheGameJamTemplate/TheGameJamTemplate/src/third_party/sol2/include -Wall -g -std=c++20 -arch arm64 -mmacosx-version-min=15.4 -Winvalid-pch -Xclang -include-pch -Xclang /Users/joshuashin/Projects/TheGameJamTemplate/TheGameJamTemplate/build/CMakeFiles/raylib-cpp-cmake-template.dir/cmake_pch.hxx.pch -Xclang -include -Xclang /Users/joshuashin/Projects/TheGameJamTemplate/TheGameJamTemplate/build/CMakeFiles/raylib-cpp-cmake-template.dir/cmake_pch.hxx -MD -MT CMakeFiles/raylib-cpp-cmake-template.dir/src/core/game.cpp.o -MF CMakeFiles/raylib-cpp-cmake-template.dir/src/core/game.cpp.o.d -o CMakeFiles/raylib-cpp-cmake-template.dir/src/core/game.cpp.o -c /Users/joshuashin/Projects/TheGameJamTemplate/TheGameJamTemplate/src/core/game.cpp
In file included from /Users/joshuashin/Projects/TheGameJamTemplate/TheGameJamTemplate/src/core/game.cpp:22:
In file included from /Users/joshuashin/Projects/TheGameJamTemplate/TheGameJamTemplate/src/systems/input/controller_nav.hpp:13:
In file included from /Users/joshuashin/Projects/TheGameJamTemplate/TheGameJamTemplate/src/systems/input/input_function_data.hpp:9:
In file included from /Users/joshuashin/Projects/TheGameJamTemplate/TheGameJamTemplate/src/systems/transform/transform_functions.hpp:3:
In file included from /Users/joshuashin/Projects/TheGameJamTemplate/TheGameJamTemplate/src/systems/transform/transform.hpp:8:
In file included from /Users/joshuashin/Projects/TheGameJamTemplate/TheGameJamTemplate/src/systems/physics/physics_world.hpp:9:
In file included from /Users/joshuashin/Projects/TheGameJamTemplate/TheGameJamTemplate/src/systems/layer/layer.hpp:18:
In file included from /Users/joshuashin/Projects/TheGameJamTemplate/TheGameJamTemplate/src/systems/layer/layer_optimized.hpp:14:
In file included from /Users/joshuashin/Projects/TheGameJamTemplate/TheGameJamTemplate/src/third_party/objectpool-master/src/object_pool.hpp:205:
/Users/joshuashin/Projects/TheGameJamTemplate/TheGameJamTemplate/src/third_party/objectpool-master/src/object_pool.inl:31:18: warning: unused variable 'entry_align' [-Wunused-variable]
   31 |     const size_t entry_align = __alignof(T);
      |                  ^~~~~~~~~~~
In file included from /Users/joshuashin/Projects/TheGameJamTemplate/TheGameJamTemplate/src/core/game.cpp:22:
In file included from /Users/joshuashin/Projects/TheGameJamTemplate/TheGameJamTemplate/src/systems/input/controller_nav.hpp:13:
In file included from /Users/joshuashin/Projects/TheGameJamTemplate/TheGameJamTemplate/src/systems/input/input_function_data.hpp:9:
In file included from /Users/joshuashin/Projects/TheGameJamTemplate/TheGameJamTemplate/src/systems/transform/transform_functions.hpp:3:
In file included from /Users/joshuashin/Projects/TheGameJamTemplate/TheGameJamTemplate/src/systems/transform/transform.hpp:13:
/Users/joshuashin/Projects/TheGameJamTemplate/TheGameJamTemplate/src/systems/physics/physics_manager.hpp:77:15: warning: unused variable 'W' [-Wunused-variable]
   77 |         auto& W  = *rec->w;
      |               ^
/Users/joshuashin/Projects/TheGameJamTemplate/TheGameJamTemplate/src/systems/physics/physics_manager.hpp:83:21: warning: unused variable 'cfg' [-Wunused-variable]
   83 |         const auto& cfg = N.config;
      |                     ^~~
In file included from /Users/joshuashin/Projects/TheGameJamTemplate/TheGameJamTemplate/src/core/game.cpp:40:
/Users/joshuashin/Projects/TheGameJamTemplate/TheGameJamTemplate/src/core/../systems/shaders/shader_pipeline.hpp:451:14: warning: unused variable 'to_uniform_value' [-Wunused-variable]
  451 |         auto to_uniform_value = [&](sol::object obj) -> ShaderUniformValue {
      |              ^~~~~~~~~~~~~~~~
In file included from /Users/joshuashin/Projects/TheGameJamTemplate/TheGameJamTemplate/src/core/game.cpp:43:
In file included from /Users/joshuashin/Projects/TheGameJamTemplate/TheGameJamTemplate/src/systems/ui/ui_data.hpp:12:
In file included from /Users/joshuashin/Projects/TheGameJamTemplate/TheGameJamTemplate/src/systems/nine_patch/nine_patch_baker.hpp:3:
/Users/joshuashin/Projects/TheGameJamTemplate/TheGameJamTemplate/src/core/engine_context.hpp:94:37: error: field has incomplete type 'shaders::ShaderUniformComponent'
   94 |     shaders::ShaderUniformComponent shaderUniforms{};
      |                                     ^
/Users/joshuashin/Projects/TheGameJamTemplate/TheGameJamTemplate/src/core/engine_context.hpp:20:12: note: forward declaration of 'game::shaders::ShaderUniformComponent'
   20 |     struct ShaderUniformComponent;
      |            ^
/Users/joshuashin/Projects/TheGameJamTemplate/TheGameJamTemplate/src/core/engine_context.hpp:134:33: error: member access into incomplete type 'EngineContext'
  134 |         auto it = globals::g_ctx->textureAtlas.find(atlasUUID);
      |                                 ^
/Users/joshuashin/Projects/TheGameJamTemplate/TheGameJamTemplate/src/util/../core/../systems/localization/localization.hpp:9:8: note: forward declaration of 'EngineContext'
    9 | struct EngineContext;
      |        ^
In file included from /Users/joshuashin/Projects/TheGameJamTemplate/TheGameJamTemplate/src/core/game.cpp:43:
In file included from /Users/joshuashin/Projects/TheGameJamTemplate/TheGameJamTemplate/src/systems/ui/ui_data.hpp:12:
In file included from /Users/joshuashin/Projects/TheGameJamTemplate/TheGameJamTemplate/src/systems/nine_patch/nine_patch_baker.hpp:3:
/Users/joshuashin/Projects/TheGameJamTemplate/TheGameJamTemplate/src/core/engine_context.hpp:135:33: error: member access into incomplete type 'EngineContext'
  135 |         if (it != globals::g_ctx->textureAtlas.end()) {
      |                                 ^
/Users/joshuashin/Projects/TheGameJamTemplate/TheGameJamTemplate/src/util/../core/../systems/localization/localization.hpp:9:8: note: forward declaration of 'EngineContext'
    9 | struct EngineContext;
      |        ^
In file included from /Users/joshuashin/Projects/TheGameJamTemplate/TheGameJamTemplate/src/core/game.cpp:43:
In file included from /Users/joshuashin/Projects/TheGameJamTemplate/TheGameJamTemplate/src/systems/ui/ui_data.hpp:12:
/Users/joshuashin/Projects/TheGameJamTemplate/TheGameJamTemplate/src/systems/nine_patch/nine_patch_baker.hpp:56:43: error: cannot initialize a parameter of type 'EngineContext *' (aka 'game::EngineContext *') with an lvalue of type 'EngineContext *'
   56 |       game_init::getSpriteFrame(names.tl, globals::g_ctx);
      |                                           ^~~~~~~~~~~~~~
/Users/joshuashin/Projects/TheGameJamTemplate/TheGameJamTemplate/src/core/init.hpp:34:56: note: passing argument to parameter 'ctx' here
   34 |                                         EngineContext *ctx = nullptr);
      |                                                        ^
In file included from /Users/joshuashin/Projects/TheGameJamTemplate/TheGameJamTemplate/src/core/game.cpp:43:
In file included from /Users/joshuashin/Projects/TheGameJamTemplate/TheGameJamTemplate/src/systems/ui/ui_data.hpp:12:
/Users/joshuashin/Projects/TheGameJamTemplate/TheGameJamTemplate/src/systems/nine_patch/nine_patch_baker.hpp:58:42: error: cannot initialize a parameter of type 'EngineContext *' (aka 'game::EngineContext *') with an lvalue of type 'EngineContext *'
   58 |       game_init::getSpriteFrame(names.t, globals::g_ctx);
      |                                          ^~~~~~~~~~~~~~
/Users/joshuashin/Projects/TheGameJamTemplate/TheGameJamTemplate/src/core/init.hpp:34:56: note: passing argument to parameter 'ctx' here
   34 |                                         EngineContext *ctx = nullptr);
      |                                                        ^
In file included from /Users/joshuashin/Projects/TheGameJamTemplate/TheGameJamTemplate/src/core/game.cpp:43:
In file included from /Users/joshuashin/Projects/TheGameJamTemplate/TheGameJamTemplate/src/systems/ui/ui_data.hpp:12:
/Users/joshuashin/Projects/TheGameJamTemplate/TheGameJamTemplate/src/systems/nine_patch/nine_patch_baker.hpp:60:43: error: cannot initialize a parameter of type 'EngineContext *' (aka 'game::EngineContext *') with an lvalue of type 'EngineContext *'
   60 |       game_init::getSpriteFrame(names.tr, globals::g_ctx);
      |                                           ^~~~~~~~~~~~~~
/Users/joshuashin/Projects/TheGameJamTemplate/TheGameJamTemplate/src/core/init.hpp:34:56: note: passing argument to parameter 'ctx' here
   34 |                                         EngineContext *ctx = nullptr);
      |                                                        ^
In file included from /Users/joshuashin/Projects/TheGameJamTemplate/TheGameJamTemplate/src/core/game.cpp:43:
In file included from /Users/joshuashin/Projects/TheGameJamTemplate/TheGameJamTemplate/src/systems/ui/ui_data.hpp:12:
/Users/joshuashin/Projects/TheGameJamTemplate/TheGameJamTemplate/src/systems/nine_patch/nine_patch_baker.hpp:62:42: error: cannot initialize a parameter of type 'EngineContext *' (aka 'game::EngineContext *') with an lvalue of type 'EngineContext *'
   62 |       game_init::getSpriteFrame(names.l, globals::g_ctx);
      |                                          ^~~~~~~~~~~~~~
/Users/joshuashin/Projects/TheGameJamTemplate/TheGameJamTemplate/src/core/init.hpp:34:56: note: passing argument to parameter 'ctx' here
   34 |                                         EngineContext *ctx = nullptr);
      |                                                        ^
In file included from /Users/joshuashin/Projects/TheGameJamTemplate/TheGameJamTemplate/src/core/game.cpp:43:
In file included from /Users/joshuashin/Projects/TheGameJamTemplate/TheGameJamTemplate/src/systems/ui/ui_data.hpp:12:
/Users/joshuashin/Projects/TheGameJamTemplate/TheGameJamTemplate/src/systems/nine_patch/nine_patch_baker.hpp:64:42: error: cannot initialize a parameter of type 'EngineContext *' (aka 'game::EngineContext *') with an lvalue of type 'EngineContext *'
   64 |       game_init::getSpriteFrame(names.c, globals::g_ctx);
      |                                          ^~~~~~~~~~~~~~
/Users/joshuashin/Projects/TheGameJamTemplate/TheGameJamTemplate/src/core/init.hpp:34:56: note: passing argument to parameter 'ctx' here
   34 |                                         EngineContext *ctx = nullptr);
      |                                                        ^
In file included from /Users/joshuashin/Projects/TheGameJamTemplate/TheGameJamTemplate/src/core/game.cpp:43:
In file included from /Users/joshuashin/Projects/TheGameJamTemplate/TheGameJamTemplate/src/systems/ui/ui_data.hpp:12:
/Users/joshuashin/Projects/TheGameJamTemplate/TheGameJamTemplate/src/systems/nine_patch/nine_patch_baker.hpp:66:42: error: cannot initialize a parameter of type 'EngineContext *' (aka 'game::EngineContext *') with an lvalue of type 'EngineContext *'
   66 |       game_init::getSpriteFrame(names.r, globals::g_ctx);
      |                                          ^~~~~~~~~~~~~~
/Users/joshuashin/Projects/TheGameJamTemplate/TheGameJamTemplate/src/core/init.hpp:34:56: note: passing argument to parameter 'ctx' here
   34 |                                         EngineContext *ctx = nullptr);
      |                                                        ^
In file included from /Users/joshuashin/Projects/TheGameJamTemplate/TheGameJamTemplate/src/core/game.cpp:43:
In file included from /Users/joshuashin/Projects/TheGameJamTemplate/TheGameJamTemplate/src/systems/ui/ui_data.hpp:12:
/Users/joshuashin/Projects/TheGameJamTemplate/TheGameJamTemplate/src/systems/nine_patch/nine_patch_baker.hpp:68:43: error: cannot initialize a parameter of type 'EngineContext *' (aka 'game::EngineContext *') with an lvalue of type 'EngineContext *'
   68 |       game_init::getSpriteFrame(names.bl, globals::g_ctx);
      |                                           ^~~~~~~~~~~~~~
/Users/joshuashin/Projects/TheGameJamTemplate/TheGameJamTemplate/src/core/init.hpp:34:56: note: passing argument to parameter 'ctx' here
   34 |                                         EngineContext *ctx = nullptr);
      |                                                        ^
In file included from /Users/joshuashin/Projects/TheGameJamTemplate/TheGameJamTemplate/src/core/game.cpp:43:
In file included from /Users/joshuashin/Projects/TheGameJamTemplate/TheGameJamTemplate/src/systems/ui/ui_data.hpp:12:
/Users/joshuashin/Projects/TheGameJamTemplate/TheGameJamTemplate/src/systems/nine_patch/nine_patch_baker.hpp:70:42: error: cannot initialize a parameter of type 'EngineContext *' (aka 'game::EngineContext *') with an lvalue of type 'EngineContext *'
   70 |       game_init::getSpriteFrame(names.b, globals::g_ctx);
      |                                          ^~~~~~~~~~~~~~
/Users/joshuashin/Projects/TheGameJamTemplate/TheGameJamTemplate/src/core/init.hpp:34:56: note: passing argument to parameter 'ctx' here
   34 |                                         EngineContext *ctx = nullptr);
      |                                                        ^
In file included from /Users/joshuashin/Projects/TheGameJamTemplate/TheGameJamTemplate/src/core/game.cpp:43:
In file included from /Users/joshuashin/Projects/TheGameJamTemplate/TheGameJamTemplate/src/systems/ui/ui_data.hpp:12:
/Users/joshuashin/Projects/TheGameJamTemplate/TheGameJamTemplate/src/systems/nine_patch/nine_patch_baker.hpp:72:43: error: cannot initialize a parameter of type 'EngineContext *' (aka 'game::EngineContext *') with an lvalue of type 'EngineContext *'
   72 |       game_init::getSpriteFrame(names.br, globals::g_ctx);
      |                                           ^~~~~~~~~~~~~~
/Users/joshuashin/Projects/TheGameJamTemplate/TheGameJamTemplate/src/core/init.hpp:34:56: note: passing argument to parameter 'ctx' here
   34 |                                         EngineContext *ctx = nullptr);
      |                                                        ^
In file included from /Users/joshuashin/Projects/TheGameJamTemplate/TheGameJamTemplate/src/core/game.cpp:43:
In file included from /Users/joshuashin/Projects/TheGameJamTemplate/TheGameJamTemplate/src/systems/ui/ui_data.hpp:14:
/Users/joshuashin/Projects/TheGameJamTemplate/TheGameJamTemplate/src/systems/input/input_functions.hpp:28:54: error: cannot initialize a parameter of type 'EngineContext *' (aka 'game::EngineContext *') with an lvalue of type 'EngineContext *'
   28 |     auto exposeToLua(sol::state &lua, EngineContext* ctx = globals::g_ctx) -> void;
      |                                                      ^     ~~~~~~~~~~~~~~
/Users/joshuashin/Projects/TheGameJamTemplate/TheGameJamTemplate/src/systems/input/input_functions.hpp:28:54: note: passing argument to parameter 'ctx' here
/Users/joshuashin/Projects/TheGameJamTemplate/TheGameJamTemplate/src/systems/input/input_functions.hpp:63:56: error: unknown type name 'InputDeviceInputCategory'; did you mean '::input::InputDeviceInputCategory'?
   63 |     auto ReconfigureInputDeviceInfo(InputState &state, InputDeviceInputCategory category, GamepadButton button = GamepadButton::GAMEPAD_BUTTON_UNKNOWN) -> void;
      |                                                        ^~~~~~~~~~~~~~~~~~~~~~~~
      |                                                        ::input::InputDeviceInputCategory
/Users/joshuashin/Projects/TheGameJamTemplate/TheGameJamTemplate/src/systems/input/input_function_data.hpp:28:16: note: '::input::InputDeviceInputCategory' declared here
   28 |     enum class InputDeviceInputCategory
      |                ^
In file included from /Users/joshuashin/Projects/TheGameJamTemplate/TheGameJamTemplate/src/core/game.cpp:43:
In file included from /Users/joshuashin/Projects/TheGameJamTemplate/TheGameJamTemplate/src/systems/ui/ui_data.hpp:14:
/Users/joshuashin/Projects/TheGameJamTemplate/TheGameJamTemplate/src/systems/input/input_functions.hpp:87:91: error: unknown type name 'InputDeviceInputCategory'; did you mean '::input::InputDeviceInputCategory'?
   87 |     auto UpdateGamepadAxisInput(InputState &state, entt::registry &registry, float dt) -> InputDeviceInputCategory;
      |                                                                                           ^~~~~~~~~~~~~~~~~~~~~~~~
      |                                                                                           ::input::InputDeviceInputCategory
/Users/joshuashin/Projects/TheGameJamTemplate/TheGameJamTemplate/src/systems/input/input_function_data.hpp:28:16: note: '::input::InputDeviceInputCategory' declared here
   28 |     enum class InputDeviceInputCategory
      |                ^
In file included from /Users/joshuashin/Projects/TheGameJamTemplate/TheGameJamTemplate/src/core/game.cpp:43:
In file included from /Users/joshuashin/Projects/TheGameJamTemplate/TheGameJamTemplate/src/systems/ui/ui_data.hpp:14:
/Users/joshuashin/Projects/TheGameJamTemplate/TheGameJamTemplate/src/systems/input/input_functions.hpp:124:37: error: unknown type name 'InputDeviceInputCategory'; did you mean '::input::InputDeviceInputCategory'?
  124 |     auto DispatchRaw(InputState &s, InputDeviceInputCategory dev, int code, bool down, float value = 0.f) -> void;
      |                                     ^~~~~~~~~~~~~~~~~~~~~~~~
      |                                     ::input::InputDeviceInputCategory
/Users/joshuashin/Projects/TheGameJamTemplate/TheGameJamTemplate/src/systems/input/input_function_data.hpp:28:16: note: '::input::InputDeviceInputCategory' declared here
   28 |     enum class InputDeviceInputCategory
      |                ^
In file included from /Users/joshuashin/Projects/TheGameJamTemplate/TheGameJamTemplate/src/core/game.cpp:43:
In file included from /Users/joshuashin/Projects/TheGameJamTemplate/TheGameJamTemplate/src/systems/ui/ui_data.hpp:14:
/Users/joshuashin/Projects/TheGameJamTemplate/TheGameJamTemplate/src/systems/input/input_functions.hpp:127:70: error: unknown type name 'ActionBinding'; did you mean '::input::ActionBinding'?
  127 |     auto bind_action(InputState &s, const std::string &action, const ActionBinding &b) -> void;
      |                                                                      ^~~~~~~~~~~~~
      |                                                                      ::input::ActionBinding
/Users/joshuashin/Projects/TheGameJamTemplate/TheGameJamTemplate/src/systems/input/input_function_data.hpp:41:12: note: '::input::ActionBinding' declared here
   41 |     struct ActionBinding {
      |            ^
In file included from /Users/joshuashin/Projects/TheGameJamTemplate/TheGameJamTemplate/src/core/game.cpp:43:
In file included from /Users/joshuashin/Projects/TheGameJamTemplate/TheGameJamTemplate/src/systems/ui/ui_data.hpp:14:
/Users/joshuashin/Projects/TheGameJamTemplate/TheGameJamTemplate/src/systems/input/input_functions.hpp:135:90: error: unknown type name 'ActionBinding'; did you mean '::input::ActionBinding'?
  135 |     auto start_rebind(InputState &s, const std::string &action, std::function<void(bool, ActionBinding)> cb) -> void ;
      |                                                                                          ^~~~~~~~~~~~~
      |                                                                                          ::input::ActionBinding
/Users/joshuashin/Projects/TheGameJamTemplate/TheGameJamTemplate/src/systems/input/input_function_data.hpp:41:12: note: '::input::ActionBinding' declared here
   41 |     struct ActionBinding {
      |            ^
In file included from /Users/joshuashin/Projects/TheGameJamTemplate/TheGameJamTemplate/src/core/game.cpp:48:
In file included from /Users/joshuashin/Projects/TheGameJamTemplate/TheGameJamTemplate/src/core/../systems/ui/inventory_ui.hpp:10:
/Users/joshuashin/Projects/TheGameJamTemplate/TheGameJamTemplate/src/systems/layer/layer_command_buffer.hpp:45:9: error: unknown type name 'DrawCommandType'; did you mean '::layer::DrawCommandType'?
   45 |         DrawCommandType GetDrawCommandType();
      |         ^~~~~~~~~~~~~~~
      |         ::layer::DrawCommandType
/Users/joshuashin/Projects/TheGameJamTemplate/TheGameJamTemplate/src/systems/layer/layer_optimized.hpp:53:16: note: '::layer::DrawCommandType' declared here
   53 |     enum class DrawCommandType {
      |                ^
fatal error: too many errors emitted, stopping now [-ferror-limit=]
4 warnings and 20 errors generated.
[8/209] Building CXX object CMakeFiles/raylib-cpp-cmake-template.dir/src/systems/composable_mechanics/example_usage.cpp.o
In file included from /Users/joshuashin/Projects/TheGameJamTemplate/TheGameJamTemplate/src/systems/composable_mechanics/example_usage.cpp:3:
In file included from /Users/joshuashin/Projects/TheGameJamTemplate/TheGameJamTemplate/src/systems/composable_mechanics/bootstrap.hpp:5:
In file included from /Users/joshuashin/Projects/TheGameJamTemplate/TheGameJamTemplate/src/systems/composable_mechanics/loader_lua.hpp:4:
/Users/joshuashin/Projects/TheGameJamTemplate/TheGameJamTemplate/src/systems/composable_mechanics/targeters.hpp:75:13: warning: lambda capture 'n' is not used [-Wunused-lambda-capture]
   75 |     return [n](const Event& e, Context& cx, std::vector<entt::entity>& out){
      |             ^
/Users/joshuashin/Projects/TheGameJamTemplate/TheGameJamTemplate/src/systems/composable_mechanics/targeters.hpp:84:13: warning: lambda capture 'n' is not used [-Wunused-lambda-capture]
   84 |     return [n](const Event& e, Context& cx, std::vector<entt::entity>& out){
      |             ^
/Users/joshuashin/Projects/TheGameJamTemplate/TheGameJamTemplate/src/systems/composable_mechanics/example_usage.cpp:87:11: warning: unused variable 'ehp' [-Wunused-variable]
   87 |     auto& ehp = world.get<LifeEnergy>(enemy);
      |           ^~~
3 warnings generated.
[9/209] Building CXX object CMakeFiles/raylib-cpp-cmake-template.dir/src/systems/composable_mechanics/loader_lua.cpp.o
In file included from /Users/joshuashin/Projects/TheGameJamTemplate/TheGameJamTemplate/src/systems/composable_mechanics/loader_lua.cpp:1:
In file included from /Users/joshuashin/Projects/TheGameJamTemplate/TheGameJamTemplate/src/systems/composable_mechanics/loader_lua.hpp:4:
/Users/joshuashin/Projects/TheGameJamTemplate/TheGameJamTemplate/src/systems/composable_mechanics/targeters.hpp:75:13: warning: lambda capture 'n' is not used [-Wunused-lambda-capture]
   75 |     return [n](const Event& e, Context& cx, std::vector<entt::entity>& out){
      |             ^
/Users/joshuashin/Projects/TheGameJamTemplate/TheGameJamTemplate/src/systems/composable_mechanics/targeters.hpp:84:13: warning: lambda capture 'n' is not used [-Wunused-lambda-capture]
   84 |     return [n](const Event& e, Context& cx, std::vector<entt::entity>& out){
      |             ^
/Users/joshuashin/Projects/TheGameJamTemplate/TheGameJamTemplate/src/systems/composable_mechanics/loader_lua.cpp:16:25: warning: unused function 'Trigger_AllyAheadAttacks' [-Wunused-function]
   16 | static TriggerPredicate Trigger_AllyAheadAttacks() {
      |                         ^~~~~~~~~~~~~~~~~~~~~~~~
/Users/joshuashin/Projects/TheGameJamTemplate/TheGameJamTemplate/src/systems/composable_mechanics/loader_lua.cpp:28:25: warning: unused function 'Trigger_AllyAheadFaints' [-Wunused-function]
   28 | static TriggerPredicate Trigger_AllyAheadFaints() {
      |                         ^~~~~~~~~~~~~~~~~~~~~~~
4 warnings generated.
[10/209] Building CXX object CMakeFiles/raylib-cpp-cmake-template.dir/src/systems/collision/broad_phase.cpp.o
In file included from /Users/joshuashin/Projects/TheGameJamTemplate/TheGameJamTemplate/src/systems/collision/broad_phase.cpp:1:
In file included from /Users/joshuashin/Projects/TheGameJamTemplate/TheGameJamTemplate/src/systems/collision/broad_phase.hpp:11:
In file included from /Users/joshuashin/Projects/TheGameJamTemplate/TheGameJamTemplate/src/systems/transform/transform_functions.hpp:3:
In file included from /Users/joshuashin/Projects/TheGameJamTemplate/TheGameJamTemplate/src/systems/transform/transform.hpp:8:
In file included from /Users/joshuashin/Projects/TheGameJamTemplate/TheGameJamTemplate/src/systems/physics/physics_world.hpp:9:
In file included from /Users/joshuashin/Projects/TheGameJamTemplate/TheGameJamTemplate/src/systems/layer/layer.hpp:18:
In file included from /Users/joshuashin/Projects/TheGameJamTemplate/TheGameJamTemplate/src/systems/layer/layer_optimized.hpp:14:
In file included from /Users/joshuashin/Projects/TheGameJamTemplate/TheGameJamTemplate/src/third_party/objectpool-master/src/object_pool.hpp:205:
/Users/joshuashin/Projects/TheGameJamTemplate/TheGameJamTemplate/src/third_party/objectpool-master/src/object_pool.inl:31:18: warning: unused variable 'entry_align' [-Wunused-variable]
   31 |     const size_t entry_align = __alignof(T);
      |                  ^~~~~~~~~~~
In file included from /Users/joshuashin/Projects/TheGameJamTemplate/TheGameJamTemplate/src/systems/collision/broad_phase.cpp:1:
In file included from /Users/joshuashin/Projects/TheGameJamTemplate/TheGameJamTemplate/src/systems/collision/broad_phase.hpp:11:
In file included from /Users/joshuashin/Projects/TheGameJamTemplate/TheGameJamTemplate/src/systems/transform/transform_functions.hpp:3:
In file included from /Users/joshuashin/Projects/TheGameJamTemplate/TheGameJamTemplate/src/systems/transform/transform.hpp:13:
/Users/joshuashin/Projects/TheGameJamTemplate/TheGameJamTemplate/src/systems/physics/physics_manager.hpp:77:15: warning: unused variable 'W' [-Wunused-variable]
   77 |         auto& W  = *rec->w;
      |               ^
/Users/joshuashin/Projects/TheGameJamTemplate/TheGameJamTemplate/src/systems/physics/physics_manager.hpp:83:21: warning: unused variable 'cfg' [-Wunused-variable]
   83 |         const auto& cfg = N.config;
      |                     ^~~
In file included from /Users/joshuashin/Projects/TheGameJamTemplate/TheGameJamTemplate/src/systems/collision/broad_phase.cpp:1:
In file included from /Users/joshuashin/Projects/TheGameJamTemplate/TheGameJamTemplate/src/systems/collision/broad_phase.hpp:11:
In file included from /Users/joshuashin/Projects/TheGameJamTemplate/TheGameJamTemplate/src/systems/transform/transform_functions.hpp:3:
In file included from /Users/joshuashin/Projects/TheGameJamTemplate/TheGameJamTemplate/src/systems/transform/transform.hpp:8:
/Users/joshuashin/Projects/TheGameJamTemplate/TheGameJamTemplate/src/systems/physics/physics_world.hpp:153:17: warning: unused function 'slicePolyShape' [-Wunused-function]
  153 |     static bool slicePolyShape(cpSpace* space, cpShape* shape, cpVect A, cpVect B, float density = 1.0f/10000.0f, float minArea = 1.0f) {
      |                 ^~~~~~~~~~~~~~
/Users/joshuashin/Projects/TheGameJamTemplate/TheGameJamTemplate/src/systems/physics/physics_world.hpp:227:16: warning: unused function 'ClipCell' [-Wunused-function]
  227 |     static int ClipCell(const cpShape* srcShape,
      |                ^~~~~~~~
In file included from /Users/joshuashin/Projects/TheGameJamTemplate/TheGameJamTemplate/src/systems/collision/broad_phase.cpp:1:
In file included from /Users/joshuashin/Projects/TheGameJamTemplate/TheGameJamTemplate/src/systems/collision/broad_phase.hpp:11:
In file included from /Users/joshuashin/Projects/TheGameJamTemplate/TheGameJamTemplate/src/systems/transform/transform_functions.hpp:3:
/Users/joshuashin/Projects/TheGameJamTemplate/TheGameJamTemplate/src/systems/transform/transform.hpp:55:17: warning: unused function 'install_local_callback' [-Wunused-function]
   55 |     static void install_local_callback(entt::registry& R, entt::entity e,
      |                 ^~~~~~~~~~~~~~~~~~~~~~
6 warnings generated.
ninja: build stopped: subcommand failed.
